W/ActivityManager(   65): Unable to start service Intent { act=com.android.ussd.IExtendedNetworkService }: not found
I/ApplicationContextYY(  132): From :com.android.phone from hashCode:1079525040 Called Register Receiver with receiver:com.android.phone.PhoneApp$PhoneAppBroadcastReceiver and m3 is of size:0
V/M3RegReceivers(   65): From:1001;Action:android.intent.action.AIRPLANE_MODE,android.bluetooth.headset.action.STATE_CHANGED,android.bluetooth.headset.action.AUDIO_STATE_CHANGED,android.intent.action.ANY_DATA_STATE,android.intent.action.HEADSET_PLUG,android.intent.action.DOCK_EVENT,android.intent.action.BATTERY_LOW,android.intent.action.SIM_STATE_CHANGED,android.intent.action.RADIO_TECHNOLOGY,android.intent.action.SERVICE_STATE,android.intent.action.EMERGENCY_CALLBACK_MODE_CHANGED,android.media.RINGER_MODE_CHANGED;Category: ;Receiver:android.content.IIntentReceiver$Stub$Proxy@4054b710
V/M3BroadCastDelivary(   65): Delivering non-ordered to registered BroadcastFilter{4056af90 ReceiverList{4057a838 132 com.android.phone/1001 remote:40588d38}}: BroadcastRecord{4068cd80 android.media.RINGER_MODE_CHANGED}
I/ApplicationContextYY(  132): From :com.android.phone from hashCode:1079525040 Called Register Receiver with receiver:com.android.phone.PhoneApp$MediaButtonBroadcastReceiver and m3 is of size:0
V/M3RegReceivers(   65): From:1001;Action:android.intent.action.MEDIA_BUTTON;Category: ;Receiver:android.content.IIntentReceiver$Stub$Proxy@4050bed0
V/M3BroadcastStart(   65): Broadcast sticky: Intent { act=android.provider.Telephony.SPN_STRINGS_UPDATED flg=0x20000000 (has extras) } ordered=false
V/M3BroadCastDelivary(   65): Delivering non-ordered to registered BroadcastFilter{4062a378 ReceiverList{4062a300 65 system/1000 local:40627e00}}: BroadcastRecord{4064bc40 android.provider.Telephony.SPN_STRINGS_UPDATED}
I/TelephonyRegistry(   65): notifyServiceState: 3 home null null null  Unknown CSS not supported -1 -1RoamInd: -1DefRoamInd: -1EmergOnly: false
V/M3BroadcastStart(   65): Broadcast sticky: Intent { act=android.intent.action.SERVICE_STATE flg=0x20000000 (has extras) } ordered=false
V/M3BroadCastDelivary(   65): Delivering non-ordered to registered BroadcastFilter{40649c80 ReceiverList{40649c08 65 system/1000 local:40648da0}}: BroadcastRecord{40638480 android.intent.action.SERVICE_STATE}
V/M3BroadCastDelivary(   65): Delivering non-ordered to registered BroadcastFilter{4064ba30 ReceiverList{4064b788 65 system/1000 local:4064a808}}: BroadcastRecord{40638480 android.intent.action.SERVICE_STATE}
V/M3BroadCastDelivary(   65): Delivering non-ordered to registered BroadcastFilter{4064d0c8 ReceiverList{4064d050 65 system/1000 local:4064c1e8}}: BroadcastRecord{40638480 android.intent.action.SERVICE_STATE}
V/M3BroadCastDelivary(   65): Delivering non-ordered to registered BroadcastFilter{40658fd8 ReceiverList{40658f60 65 system/1000 local:406580f8}}: BroadcastRecord{40638480 android.intent.action.SERVICE_STATE}
V/M3BroadCastDelivary(   65): Delivering non-ordered to registered BroadcastFilter{4056af90 ReceiverList{4057a838 132 com.android.phone/1001 remote:40588d38}}: BroadcastRecord{40638480 android.intent.action.SERVICE_STATE}
D/AlarmManagerService(   65): Kernel timezone updated to 0 minutes west of GMT
V/M3BroadcastStart(   65): Broadcast sticky: Intent { act=android.intent.action.NETWORK_SET_TIMEZONE flg=0x20000000 (has extras) } ordered=false
V/M3BroadcastStart(   65): Broadcast: Intent { act=android.intent.action.TIME_SET flg=0x20000000 } ordered=false
V/M3BroadCastDelivary(   65): Delivering non-ordered to registered BroadcastFilter{4062a378 ReceiverList{4062a300 65 system/1000 local:40627e00}}: BroadcastRecord{405d6698 android.intent.action.TIME_SET}
V/M3BroadCastDelivary(   65): Delivering non-ordered to registered BroadcastFilter{40528f70 ReceiverList{40581f20 65 system/1000 local:4056cd18}}: BroadcastRecord{405d6698 android.intent.action.TIME_SET}
V/M3BroadCastDelivary(   65): Delivering non-ordered to registered BroadcastFilter{40535d90 ReceiverList{4058e730 65 system/1000 local:40538dc0}}: BroadcastRecord{405d6698 android.intent.action.TIME_SET}
V/M3BroadCastDelivary(   65): Delivering non-ordered to registered BroadcastFilter{40606d80 ReceiverList{4062f2f8 119 com.android.systemui/1000 remote:40514970}}: BroadcastRecord{405d6698 android.intent.action.TIME_SET}
V/M3StartAppProcess(   65): startProcess: name=com.android.deskclock app=null knownToBeDead=true thread=null pid=-1
W/SystemClock(  132): Unable to set rtc to 1472792076: Invalid argument
I/ActivityManager(   65): Start proc com.android.deskclock for broadcast com.android.deskclock/.AlarmInitReceiver: pid=187 uid=10019 gids={}
V/M3BroadcastStart(   65): Broadcast sticky: Intent { act=android.intent.action.NETWORK_SET_TIME flg=0x20000000 (has extras) } ordered=false
I/ActivityThread(  170): Pub com.android.social: com.android.providers.contacts.SocialProvider
D/dalvikvm(  129): GC_EXTERNAL_ALLOC freed 8K, 49% free 2890K/5639K, external 2187K/2217K, paused 330ms
I/ActivityThread(  170): Pub applications: com.android.providers.applications.ApplicationsProvider
D/dalvikvm(  170): GC_CONCURRENT freed 399K, 51% free 2804K/5639K, external 1527K/1559K, paused 3ms+102ms
D/dalvikvm(  137): GC_EXTERNAL_ALLOC freed 28K, 50% free 2842K/5639K, external 1839K/2081K, paused 338ms
D/SystemClock(  132): Setting time of day to sec=1472792076
I/ApplicationContextYY(  119): From :com.android.systemui from hashCode:1079484656 Called Register Receiver with receiver:com.android.systemui.statusbar.CarrierLabel$1 and m3 is of size:0
V/M3RegReceivers(   65): From:1000;Action:android.provider.Telephony.SPN_STRINGS_UPDATED;Category: ;Receiver:android.content.IIntentReceiver$Stub$Proxy@4058bc30
V/M3BroadCastDelivary(   65): Delivering non-ordered to registered BroadcastFilter{40547d18 ReceiverList{40547ca0 119 com.android.systemui/1000 remote:405475b0}}: BroadcastRecord{40547e68 android.provider.Telephony.SPN_STRINGS_UPDATED}
I/ApplicationContextYY(  170): From :com.android.providers.applications from hashCode:1079516200 Called Register Receiver with receiver:com.android.providers.applications.ApplicationsProvider$MyPackageMonitor and m3 is of size:0
V/M3RegReceivers(   65): From:10006;Action:android.intent.action.PACKAGE_ADDED,android.intent.action.PACKAGE_REMOVED,android.intent.action.PACKAGE_CHANGED,android.intent.action.QUERY_PACKAGE_RESTART,android.intent.action.PACKAGE_RESTARTED,android.intent.action.UID_REMOVED;Category: ;Receiver:android.content.IIntentReceiver$Stub$Proxy@40575028
I/ApplicationContextYY(  170): From :com.android.providers.applications from hashCode:1079516200 Called Register Receiver with receiver:com.android.providers.applications.ApplicationsProvider$MyPackageMonitor and m3 is of size:0
V/M3RegReceivers(   65): From:10006;Action:android.intent.action.UID_REMOVED;Category: ;Receiver:android.content.IIntentReceiver$Stub$Proxy@40565240
I/ApplicationContextYY(  170): From :com.android.providers.applications from hashCode:1079516200 Called Register Receiver with receiver:com.android.providers.applications.ApplicationsProvider$MyPackageMonitor and m3 is of size:0
V/M3RegReceivers(   65): From:10006;Action:android.intent.action.EXTERNAL_APPLICATIONS_AVAILABLE,android.intent.action.EXTERNAL_APPLICATIONS_UNAVAILABLE;Category: ;Receiver:android.content.IIntentReceiver$Stub$Proxy@40556c28
I/ApplicationContextYY(  170): From :com.android.providers.applications from hashCode:1079516200 Called Register Receiver with receiver:com.android.providers.applications.ApplicationsProvider$1 and m3 is of size:0
V/M3RegReceivers(   65): From:10006;Action:android.intent.action.LOCALE_CHANGED;Category: ;Receiver:android.content.IIntentReceiver$Stub$Proxy@40528800
I/ActivityThread(  170): Pub contacts;com.android.contacts: com.android.providers.contacts.ContactsProvider2
I/TelephonyRegistry(   65): notifyDataConnection: state=0 isDataConnectivityPossible=false reason=radioTurnedOff interfaceName=null networkType=0
V/M3BroadcastStart(   65): Broadcast sticky: Intent { act=android.intent.action.ANY_DATA_STATE flg=0x20000000 (has extras) } ordered=false
I/TelephonyRegistry(   65): notifyDataConnection: state=0 isDataConnectivityPossible=false reason=gprsDetached interfaceName=null networkType=0
V/M3BroadcastStart(   65): Broadcast sticky: Intent { act=android.intent.action.ANY_DATA_STATE flg=0x20000000 (has extras) } ordered=false
V/M3BroadCastDelivary(   65): Delivering non-ordered to registered BroadcastFilter{40649c80 ReceiverList{40649c08 65 system/1000 local:40648da0}}: BroadcastRecord{406becc0 android.intent.action.ANY_DATA_STATE}
V/M3BroadCastDelivary(   65): Delivering non-ordered to registered BroadcastFilter{4064ba30 ReceiverList{4064b788 65 system/1000 local:4064a808}}: BroadcastRecord{406becc0 android.intent.action.ANY_DATA_STATE}
V/M3BroadCastDelivary(   65): Delivering non-ordered to registered BroadcastFilter{4064d0c8 ReceiverList{4064d050 65 system/1000 local:4064c1e8}}: BroadcastRecord{406becc0 android.intent.action.ANY_DATA_STATE}
V/M3BroadCastDelivary(   65): Delivering non-ordered to registered BroadcastFilter{40658fd8 ReceiverList{40658f60 65 system/1000 local:406580f8}}: BroadcastRecord{406becc0 android.intent.action.ANY_DATA_STATE}
V/M3BroadCastDelivary(   65): Delivering non-ordered to registered BroadcastFilter{4056af90 ReceiverList{4057a838 132 com.android.phone/1001 remote:40588d38}}: BroadcastRecord{406becc0 android.intent.action.ANY_DATA_STATE}
V/M3BroadcastStart(   65): Broadcast sticky: Intent { act=android.intent.action.SIM_STATE_CHANGED flg=0x20000000 (has extras) } ordered=false
V/M3BroadCastDelivary(   65): Delivering non-ordered to registered BroadcastFilter{4062a378 ReceiverList{4062a300 65 system/1000 local:40627e00}}: BroadcastRecord{406c3f60 android.intent.action.SIM_STATE_CHANGED}
V/M3BroadCastDelivary(   65): Delivering non-ordered to registered BroadcastFilter{4050b690 ReceiverList{4050c570 119 com.android.systemui/1000 remote:4050cf00}}: BroadcastRecord{406c3f60 android.intent.action.SIM_STATE_CHANGED}
V/M3BroadCastDelivary(   65): Delivering non-ordered to registered BroadcastFilter{4056af90 ReceiverList{4057a838 132 com.android.phone/1001 remote:40588d38}}: BroadcastRecord{406c3f60 android.intent.action.SIM_STATE_CHANGED}
W/ActivityManager(   65): Unable to start service Intent { act=@0 }: not found
W/ActivityManager(   65): Unable to start service Intent { act=@0 }: not found
I/ActivityThread(  187): Pub com.android.deskclock: com.android.deskclock.AlarmProvider
V/M3BroadcastStart(   65): Broadcast sticky: Intent { act=android.intent.action.SIM_STATE_CHANGED flg=0x20000000 (has extras) } ordered=false
V/M3BroadCastDelivary(   65): Delivering non-ordered to registered BroadcastFilter{4062a378 ReceiverList{4062a300 65 system/1000 local:40627e00}}: BroadcastRecord{406c9858 android.intent.action.SIM_STATE_CHANGED}
V/M3BroadCastDelivary(   65): Delivering non-ordered to registered BroadcastFilter{4050b690 ReceiverList{4050c570 119 com.android.systemui/1000 remote:4050cf00}}: BroadcastRecord{406c9858 android.intent.action.SIM_STATE_CHANGED}
V/M3BroadCastDelivary(   65): Delivering non-ordered to registered BroadcastFilter{4056af90 ReceiverList{4057a838 132 com.android.phone/1001 remote:40588d38}}: BroadcastRecord{406c9858 android.intent.action.SIM_STATE_CHANGED}
D/dalvikvm(  187): GC_CONCURRENT freed 332K, 51% free 2773K/5575K, external 1527K/1559K, paused 4ms+82ms
D/dalvikvm(   65): GC_CONCURRENT freed 393K, 41% free 4125K/6983K, external 4274K/5474K, paused 4ms+18ms
D/dalvikvm(  137): GC_EXTERNAL_ALLOC freed 28K, 50% free 2866K/5639K, external 2540K/2544K, paused 416ms
V/M3BroadcastStart(   65): Broadcast sticky: Intent { act=android.provider.Telephony.SPN_STRINGS_UPDATED flg=0x20000000 (has extras) } ordered=false
V/M3BroadCastDelivary(   65): Delivering non-ordered to registered BroadcastFilter{4062a378 ReceiverList{4062a300 65 system/1000 local:40627e00}}: BroadcastRecord{4067d378 android.provider.Telephony.SPN_STRINGS_UPDATED}
I/TelephonyRegistry(   65): notifyServiceState: 0 home Android Android 310260  UMTS CSS not supported -1 -1RoamInd: -1DefRoamInd: -1EmergOnly: false
V/M3BroadCastDelivary(   65): Delivering non-ordered to registered BroadcastFilter{40547d18 ReceiverList{40547ca0 119 com.android.systemui/1000 remote:405475b0}}: BroadcastRecord{4067d378 android.provider.Telephony.SPN_STRINGS_UPDATED}
V/M3BroadcastStart(   65): Broadcast sticky: Intent { act=android.intent.action.SERVICE_STATE flg=0x20000000 (has extras) } ordered=false
I/TelephonyRegistry(   65): notifyDataConnection: state=0 isDataConnectivityPossible=false reason=null interfaceName=null networkType=3
V/M3BroadcastStart(   65): Broadcast sticky: Intent { act=android.intent.action.ANY_DATA_STATE flg=0x20000000 (has extras) } ordered=false
V/M3BroadCastDelivary(   65): Delivering non-ordered to registered BroadcastFilter{40649c80 ReceiverList{40649c08 65 system/1000 local:40648da0}}: BroadcastRecord{40667e10 android.intent.action.SERVICE_STATE}
V/M3BroadCastDelivary(   65): Delivering non-ordered to registered BroadcastFilter{4064ba30 ReceiverList{4064b788 65 system/1000 local:4064a808}}: BroadcastRecord{40667e10 android.intent.action.SERVICE_STATE}
V/M3BroadCastDelivary(   65): Delivering non-ordered to registered BroadcastFilter{4064d0c8 ReceiverList{4064d050 65 system/1000 local:4064c1e8}}: BroadcastRecord{40667e10 android.intent.action.SERVICE_STATE}
V/M3BroadCastDelivary(   65): Delivering non-ordered to registered BroadcastFilter{40658fd8 ReceiverList{40658f60 65 system/1000 local:406580f8}}: BroadcastRecord{40667e10 android.intent.action.SERVICE_STATE}
V/M3BroadCastDelivary(   65): Delivering non-ordered to registered BroadcastFilter{4056af90 ReceiverList{4057a838 132 com.android.phone/1001 remote:40588d38}}: BroadcastRecord{40667e10 android.intent.action.SERVICE_STATE}
V/M3BroadCastDelivary(   65): Delivering non-ordered to registered BroadcastFilter{40649c80 ReceiverList{40649c08 65 system/1000 local:40648da0}}: BroadcastRecord{40657b50 android.intent.action.ANY_DATA_STATE}
V/M3BroadCastDelivary(   65): Delivering non-ordered to registered BroadcastFilter{4064ba30 ReceiverList{4064b788 65 system/1000 local:4064a808}}: BroadcastRecord{40657b50 android.intent.action.ANY_DATA_STATE}
V/M3BroadCastDelivary(   65): Delivering non-ordered to registered BroadcastFilter{4064d0c8 ReceiverList{4064d050 65 system/1000 local:4064c1e8}}: BroadcastRecord{40657b50 android.intent.action.ANY_DATA_STATE}
V/M3BroadCastDelivary(   65): Delivering non-ordered to registered BroadcastFilter{40658fd8 ReceiverList{40658f60 65 system/1000 local:406580f8}}: BroadcastRecord{40657b50 android.intent.action.ANY_DATA_STATE}
V/M3BroadCastDelivary(   65): Delivering non-ordered to registered BroadcastFilter{4056af90 ReceiverList{4057a838 132 com.android.phone/1001 remote:40588d38}}: BroadcastRecord{40657b50 android.intent.action.ANY_DATA_STATE}
D/qemud   (   42): fdhandler_accept_event: accepting on fd 9
D/qemud   (   42): created client 0x13f38 listening on fd 12
V/M3BroadcastStart(   65): Broadcast sticky: Intent { act=android.intent.action.SIM_STATE_CHANGED flg=0x20000000 (has extras) } ordered=false
V/M3BroadCastDelivary(   65): Delivering non-ordered to registered BroadcastFilter{4062a378 ReceiverList{4062a300 65 system/1000 local:40627e00}}: BroadcastRecord{4053b4b8 android.intent.action.SIM_STATE_CHANGED}
V/M3BroadCastDelivary(   65): Delivering non-ordered to registered BroadcastFilter{4050b690 ReceiverList{4050c570 119 com.android.systemui/1000 remote:4050cf00}}: BroadcastRecord{4053b4b8 android.intent.action.SIM_STATE_CHANGED}
D/qemud   (   42): client_fd_receive: attempting registration for service 'gps'
D/qemud   (   42): client_fd_receive:    -> received channel id 4
V/M3BroadCastDelivary(   65): Delivering non-ordered to registered BroadcastFilter{4056af90 ReceiverList{4057a838 132 com.android.phone/1001 remote:40588d38}}: BroadcastRecord{4053b4b8 android.intent.action.SIM_STATE_CHANGED}
D/qemud   (   42): client_registration: registration succeeded for client 4
V/M3BroadcastStart(   65): Broadcast: Intent { act=android.intent.action.ALARM_CHANGED (has extras) } ordered=false
V/M3BroadCastDelivary(   65): Delivering non-ordered to registered BroadcastFilter{4050b690 ReceiverList{4050c570 119 com.android.systemui/1000 remote:4050cf00}}: BroadcastRecord{4063db98 android.intent.action.ALARM_CHANGED}
V/M3BroadcastStart(   65): Broadcast: Intent { act=android.location.PROVIDERS_CHANGED } ordered=false
V/M3StartAppProcess(   65): startProcess: name=com.android.settings app=null knownToBeDead=true thread=null pid=-1
I/ActivityManager(   65): Start proc com.android.settings for broadcast com.android.settings/.widget.SettingsAppWidgetProvider: pid=202 uid=1000 gids={3002, 3001, 3003}
I/ApplicationContextYY(   65): From :android from hashCode:1079166112 Called Register Receiver with receiver:com.android.server.LocationManagerService$1 and m3 is of size:0
D/MccTable(  132): updateMccMncConfiguration: mcc=310, mnc=260
D/MccTable(  132): locale set to en_us
D/MccTable(  132): WIFI_NUM_ALLOWED_CHANNELS set to 11
I/WifiService(   65): WifiService trying to setNumAllowed to 11 with persist set to true
V/M3RegReceivers(   65): From:1000;Action:android.net.conn.CONNECTIVITY_CHANGE,android.intent.action.PACKAGE_REMOVED,android.intent.action.PACKAGE_RESTARTED,android.intent.action.QUERY_PACKAGE_RESTART;Category: ;Receiver:android.app.LoadedApk$ReceiverDispatcher$InnerReceiver@40546d90
D/dalvikvm(  132): GC_CONCURRENT freed 261K, 48% free 3076K/5831K, external 1527K/1559K, paused 3ms+5ms
I/ActivityManager(   65): Config changed: { scale=1.0 imsi=310/260 loc=en_US touch=3 keys=2/1/2 nav=3/1 orien=1 layout=34 uiMode=17 seq=3}
V/M3BroadcastStart(   65): Broadcast: Intent { act=android.intent.action.CONFIGURATION_CHANGED flg=0x60000000 } ordered=false
V/M3BroadCastDelivary(   65): Delivering non-ordered to registered BroadcastFilter{405eb5c0 ReceiverList{405185c8 65 system/1000 local:4054b6d0}}: BroadcastRecord{4063cdb0 android.intent.action.CONFIGURATION_CHANGED}
V/M3BroadCastDelivary(   65): Delivering non-ordered to registered BroadcastFilter{4051ffa0 ReceiverList{40521030 119 com.android.systemui/1000 remote:4056a5e8}}: BroadcastRecord{4063cdb0 android.intent.action.CONFIGURATION_CHANGED}
V/M3BroadCastDelivary(   65): Delivering non-ordered to registered BroadcastFilter{40606d80 ReceiverList{4062f2f8 119 com.android.systemui/1000 remote:40514970}}: BroadcastRecord{4063cdb0 android.intent.action.CONFIGURATION_CHANGED}
I/TelephonyRegistry(   65): notifyMessageWaitingChanged: false
I/TelephonyRegistry(   65): notifyCallForwardingChanged: false
V/M3BroadcastStart(   65): Broadcast sticky: Intent { act=android.intent.action.SIM_STATE_CHANGED flg=0x20000000 (has extras) } ordered=false
V/M3BroadCastDelivary(   65): Delivering non-ordered to registered BroadcastFilter{4062a378 ReceiverList{4062a300 65 system/1000 local:40627e00}}: BroadcastRecord{406c7f28 android.intent.action.SIM_STATE_CHANGED}
V/M3BroadCastDelivary(   65): Delivering non-ordered to registered BroadcastFilter{4050b690 ReceiverList{4050c570 119 com.android.systemui/1000 remote:4050cf00}}: BroadcastRecord{406c7f28 android.intent.action.SIM_STATE_CHANGED}
V/M3BroadCastDelivary(   65): Delivering non-ordered to registered BroadcastFilter{4056af90 ReceiverList{4057a838 132 com.android.phone/1001 remote:40588d38}}: BroadcastRecord{406c7f28 android.intent.action.SIM_STATE_CHANGED}
I/ApplicationContextYY(   65): From :android from hashCode:1079166112 Called Register Receiver with receiver:com.android.server.LocationManagerService$1 and m3 is of size:0
I/ApplicationContextYY(  170): From :com.android.providers.contacts from hashCode:1079153744 Called Register Receiver with receiver:android.accounts.AccountManager$12 and m3 is of size:0
D/dalvikvm(  137): GC_EXTERNAL_ALLOC freed 9K, 49% free 2878K/5639K, external 3197K/3203K, paused 318ms
V/M3RegReceivers(   65): From:1000;Action:android.intent.action.EXTERNAL_APPLICATIONS_UNAVAILABLE;Category: ;Receiver:android.app.LoadedApk$ReceiverDispatcher$InnerReceiver@40546d90
V/M3RegReceivers(   65): From:10006;Action:android.accounts.LOGIN_ACCOUNTS_CHANGED,android.intent.action.DEVICE_STORAGE_OK;Category: ;Receiver:android.content.IIntentReceiver$Stub$Proxy@4064f4e0
V/M3BroadcastStart(   65): Broadcast: Intent { act=android.appwidget.action.APPWIDGET_UPDATE cmp=com.android.quicksearchbox/.SearchWidgetProvider (has extras) } ordered=false
V/M3BroadcastStart(   65): Broadcast: Intent { act=android.appwidget.action.APPWIDGET_UPDATE cmp=com.android.protips/.ProtipWidget (has extras) } ordered=false
V/M3BroadcastStart(   65): Broadcast: Intent { act=android.appwidget.action.APPWIDGET_UPDATE cmp=com.android.music/.MediaAppWidgetProvider (has extras) } ordered=false
I/ActivityThread(  170): Pub call_log: com.android.providers.contacts.CallLogProvider
I/ActivityThread(  170): Pub user_dictionary: com.android.providers.userdictionary.UserDictionaryProvider
I/ApplicationContextYY(  137): From :com.android.launcher from hashCode:1079264312 Called Register Receiver with receiver:com.android.launcher2.Launcher$CloseSystemDialogsIntentReceiver and m3 is of size:0
V/M3RegReceivers(   65): From:10013;Action:android.intent.action.CLOSE_SYSTEM_DIALOGS;Category: ;Receiver:android.content.IIntentReceiver$Stub$Proxy@40565240
D/TelephonyProvider(  132): Setting numeric '310260' to be the current operator
V/M3BroadcastStart(   65): Broadcast sticky: Intent { act=android.provider.Telephony.SPN_STRINGS_UPDATED flg=0x20000000 (has extras) } ordered=false
V/M3BroadCastDelivary(   65): Delivering non-ordered to registered BroadcastFilter{4062a378 ReceiverList{4062a300 65 system/1000 local:40627e00}}: BroadcastRecord{406aa7c0 android.provider.Telephony.SPN_STRINGS_UPDATED}
V/M3BroadCastDelivary(   65): Delivering non-ordered to registered BroadcastFilter{40547d18 ReceiverList{40547ca0 119 com.android.systemui/1000 remote:405475b0}}: BroadcastRecord{406aa7c0 android.provider.Telephony.SPN_STRINGS_UPDATED}
V/M3UnRegReceivers(   65): From:10013;Action:android.intent.action.CLOSE_SYSTEM_DIALOGS;Category:;Receiver:android.content.IIntentReceiver$Stub$Proxy@40544510
I/TelephonyRegistry(   65): notifyDataConnection: state=1 isDataConnectivityPossible=true reason=simLoaded interfaceName=null networkType=3
V/M3BroadcastStart(   65): Broadcast sticky: Intent { act=android.intent.action.ANY_DATA_STATE flg=0x20000000 (has extras) } ordered=false
V/M3BroadCastDelivary(   65): Delivering non-ordered to registered BroadcastFilter{40649c80 ReceiverList{40649c08 65 system/1000 local:40648da0}}: BroadcastRecord{406da4f8 android.intent.action.ANY_DATA_STATE}
V/M3BroadCastDelivary(   65): Delivering non-ordered to registered BroadcastFilter{4064ba30 ReceiverList{4064b788 65 system/1000 local:4064a808}}: BroadcastRecord{406da4f8 android.intent.action.ANY_DATA_STATE}
V/M3BroadCastDelivary(   65): Delivering non-ordered to registered BroadcastFilter{4064d0c8 ReceiverList{4064d050 65 system/1000 local:4064c1e8}}: BroadcastRecord{406da4f8 android.intent.action.ANY_DATA_STATE}
V/M3BroadCastDelivary(   65): Delivering non-ordered to registered BroadcastFilter{40658fd8 ReceiverList{40658f60 65 system/1000 local:406580f8}}: BroadcastRecord{406da4f8 android.intent.action.ANY_DATA_STATE}
V/M3BroadCastDelivary(   65): Delivering non-ordered to registered BroadcastFilter{4056af90 ReceiverList{4057a838 132 com.android.phone/1001 remote:40588d38}}: BroadcastRecord{406da4f8 android.intent.action.ANY_DATA_STATE}
I/TelephonyRegistry(   65): notifyDataConnection: state=2 isDataConnectivityPossible=true reason=simLoaded interfaceName=/dev/omap_csmi_tty1 networkType=3
V/M3BroadcastStart(   65): Broadcast sticky: Intent { act=android.intent.action.ANY_DATA_STATE flg=0x20000000 (has extras) } ordered=false
V/M3BroadCastDelivary(   65): Delivering non-ordered to registered BroadcastFilter{40649c80 ReceiverList{40649c08 65 system/1000 local:40648da0}}: BroadcastRecord{406e0080 android.intent.action.ANY_DATA_STATE}
V/M3BroadCastDelivary(   65): Delivering non-ordered to registered BroadcastFilter{4064ba30 ReceiverList{4064b788 65 system/1000 local:4064a808}}: BroadcastRecord{406e0080 android.intent.action.ANY_DATA_STATE}
V/M3BroadCastDelivary(   65): Delivering non-ordered to registered BroadcastFilter{4064d0c8 ReceiverList{4064d050 65 system/1000 local:4064c1e8}}: BroadcastRecord{406e0080 android.intent.action.ANY_DATA_STATE}
V/M3BroadCastDelivary(   65): Delivering non-ordered to registered BroadcastFilter{40658fd8 ReceiverList{40658f60 65 system/1000 local:406580f8}}: BroadcastRecord{406e0080 android.intent.action.ANY_DATA_STATE}
V/M3BroadCastDelivary(   65): Delivering non-ordered to registered BroadcastFilter{4056af90 ReceiverList{4057a838 132 com.android.phone/1001 remote:40588d38}}: BroadcastRecord{406e0080 android.intent.action.ANY_DATA_STATE}
D/MobileDataStateTracker(   65): CONNECTED event did not supply a default gateway.
V/M3BroadcastStart(   65): Broadcast sticky: Intent { act=android.net.conn.CONNECTIVITY_CHANGE flg=0x10000000 (has extras) } ordered=false
V/M3BroadCastDelivary(   65): Delivering non-ordered to registered BroadcastFilter{40598ba8 ReceiverList{4059b5b0 65 system/1000 local:405a7a48}}: BroadcastRecord{406f4650 android.net.conn.CONNECTIVITY_CHANGE}
V/M3BroadCastDelivary(   65): Delivering non-ordered to registered BroadcastFilter{405b45b0 ReceiverList{405bc218 65 system/1000 local:40623f70}}: BroadcastRecord{406f4650 android.net.conn.CONNECTIVITY_CHANGE}
D/Tethering(   65): MasterInitialState.processMessage what=3
V/M3BroadCastDelivary(   65): Delivering non-ordered to registered BroadcastFilter{4050b690 ReceiverList{4050c570 119 com.android.systemui/1000 remote:4050cf00}}: BroadcastRecord{406f4650 android.net.conn.CONNECTIVITY_CHANGE}
V/M3BroadCastDelivary(   65): Delivering non-ordered to registered BroadcastFilter{405a1410 ReceiverList{405a13b8 65 system/1000 local:40546d90}}: BroadcastRecord{406f4650 android.net.conn.CONNECTIVITY_CHANGE}
D/dalvikvm(  202): GC_CONCURRENT freed 408K, 51% free 2811K/5639K, external 1527K/1559K, paused 3ms+12ms
V/M3StartAppProcess(   65): startProcess: name=com.android.quicksearchbox app=null knownToBeDead=true thread=null pid=-1
I/ActivityManager(   65): Start proc com.android.quicksearchbox for broadcast com.android.quicksearchbox/.SearchWidgetProvider: pid=216 uid=10002 gids={3003}
D/dalvikvm(   37): GC_EXPLICIT freed 10K, 50% free 2713K/5379K, external 1527K/1559K, paused 93ms
D/dalvikvm(  137): GC_EXTERNAL_ALLOC freed 39K, 49% free 2922K/5639K, external 3710K/4023K, paused 123ms
D/dalvikvm(   37): GC_EXPLICIT freed <1K, 50% free 2713K/5379K, external 1527K/1559K, paused 118ms
D/dalvikvm(   37): GC_EXPLICIT freed <1K, 50% free 2713K/5379K, external 1527K/1559K, paused 96ms
I/ActivityThread(  216): Pub com.android.quicksearchbox.google: com.android.quicksearchbox.google.GoogleSuggestionProvider
I/ActivityThread(  216): Pub com.android.quicksearchbox.shortcuts: com.android.quicksearchbox.ShortcutsProvider
D/dalvikvm(  216): GC_CONCURRENT freed 338K, 51% free 2782K/5575K, external 1527K/1559K, paused 3ms+2ms
D/dalvikvm(  137): GC_EXTERNAL_ALLOC freed 32K, 48% free 2940K/5639K, external 4849K/4874K, paused 98ms
V/M3StartAppProcess(   65): startProcess: name=com.android.protips app=null knownToBeDead=true thread=null pid=-1
I/ActivityManager(   65): Start proc com.android.protips for broadcast com.android.protips/.ProtipWidget: pid=224 uid=10024 gids={}
D/dalvikvm(   65): GREF has increased to 301
I/ApplicationContextYY(  137): From :com.android.launcher from hashCode:1079278088 Called Register Receiver with receiver:com.android.launcher2.Launcher$CloseSystemDialogsIntentReceiver and m3 is of size:0
V/M3RegReceivers(   65): From:10013;Action:android.intent.action.CLOSE_SYSTEM_DIALOGS;Category: ;Receiver:android.content.IIntentReceiver$Stub$Proxy@407226d0
D/dalvikvm(  137): GC_EXPLICIT freed 28K, 48% free 2954K/5639K, external 5312K/6087K, paused 77ms
V/M3StartAppProcess(   65): startProcess: name=com.android.music app=null knownToBeDead=true thread=null pid=-1
I/ActivityManager(   65): Start proc com.android.music for broadcast com.android.music/.MediaAppWidgetProvider: pid=232 uid=10005 gids={3003, 1015}
V/M3BroadcastStart(   65): Broadcast: Intent { act=com.android.music.musicservicecommand flg=0x40000000 (has extras) } ordered=false
V/M3StartAppProcess(   65): startProcess: name=android.process.media app=null knownToBeDead=true thread=null pid=-1
I/ActivityManager(   65): Start proc android.process.media for broadcast com.android.providers.downloads/.DownloadReceiver: pid=240 uid=10000 gids={1015, 2001, 3003}
I/ActivityThread(  240): Pub media: com.android.providers.media.MediaProvider
V/MediaProvider(  240): Attached volume: internal
I/ApplicationContextYY(  240): From :com.android.providers.media from hashCode:1079361336 Called Register Receiver with receiver:com.android.providers.media.MediaProvider$1 and m3 is of size:0
V/M3RegReceivers(   65): From:10000;Action:android.intent.action.MEDIA_EJECT;Category: ;Receiver:android.content.IIntentReceiver$Stub$Proxy@40732568
I/ActivityThread(  240): Pub downloads: com.android.providers.downloads.DownloadProvider
I/ActivityThread(  240): Pub drm: com.android.providers.drm.DrmProvider
V/M3AppService(   65): Bringing up service:ServiceRecord{40734c50 com.android.providers.downloads/.DownloadService}
I/ApplicationContextYY(   65): From :android from hashCode:1079166112 Called Register Receiver with receiver:com.android.server.am.ActivityManagerService$6 and m3 is of size:0
V/M3RegReceivers(   65): From:1000;Action:android.intent.action.QUERY_PACKAGE_RESTART;Category: ;Receiver:android.app.LoadedApk$ReceiverDispatcher$InnerReceiver@40740cc0
V/M3BroadcastStart(   65): Broadcast: Intent { act=android.intent.action.BOOT_COMPLETED } ordered=false
I/SurfaceFlinger(   65): Boot is finished (14817 ms)
V/M3BroadCastDelivary(   65): Delivering non-ordered to registered BroadcastFilter{40569d20 ReceiverList{40571890 65 system/1000 local:4058a370}}: BroadcastRecord{40742078 android.intent.action.BOOT_COMPLETED}
V/M3BroadCastDelivary(   65): Delivering non-ordered to registered BroadcastFilter{405c5fb0 ReceiverList{405c5f38 65 system/1000 local:40602478}}: BroadcastRecord{40742078 android.intent.action.BOOT_COMPLETED}
V/M3BroadCastDelivary(   65): Delivering non-ordered to registered BroadcastFilter{405b45b0 ReceiverList{405bc218 65 system/1000 local:40623f70}}: BroadcastRecord{40742078 android.intent.action.BOOT_COMPLETED}
V/M3BroadCastDelivary(   65): Delivering non-ordered to registered BroadcastFilter{4052f7d0 ReceiverList{40582620 65 system/1000 local:405defa8}}: BroadcastRecord{40742078 android.intent.action.BOOT_COMPLETED}
V/M3BroadCastDelivary(   65): Delivering non-ordered to registered BroadcastFilter{4061d758 ReceiverList{40626930 65 system/1000 local:40592ce0}}: BroadcastRecord{40742078 android.intent.action.BOOT_COMPLETED}
D/PowerManagerService(   65): bootCompleted
V/M3BroadCastDelivary(   65): Delivering non-ordered to registered BroadcastFilter{4057bec0 ReceiverList{40585798 65 system/1000 local:4059b888}}: BroadcastRecord{40742078 android.intent.action.BOOT_COMPLETED}
V/M3BroadCastDelivary(   65): Delivering non-ordered to registered BroadcastFilter{40637b18 ReceiverList{405185c8 65 system/1000 local:4054b6d0}}: BroadcastRecord{40742078 android.intent.action.BOOT_COMPLETED}
I/ARMAssembler(   65): generated scanline__00000177:03010104_00000002_00000000 [ 44 ipp] (66 ins) at [0x442ad290:0x442ad398] in 940794 ns
D/OtaStartupReceiver(  132): Not a CDMA phone, no need to process OTA
I/ARMAssembler(   65): generated scanline__00000177:03515104_00000001_00000000 [ 73 ipp] (95 ins) at [0x442ad3a0:0x442ad51c] in 972592 ns
D/VoldCmdListener(   33): volume mount /mnt/sdcard
I/Vold    (   33): /dev/block/vold/179:0 being considered for volume sdcard
D/Vold    (   33): Volume sdcard state changing 1 (Idle-Unmounted) -> 3 (Checking)
I/StorageNotification(  119): Media {/mnt/sdcard} state changed from {unmounted} -> {checking}
V/M3BroadcastStart(   65): Broadcast: Intent { act=android.intent.action.MEDIA_CHECKING dat=file:///mnt/sdcard } ordered=false
V/M3BroadcastStart(   65): Broadcast: Intent { act=android.appwidget.action.APPWIDGET_ENABLED cmp=com.android.music/.MediaAppWidgetProvider } ordered=false
V/M3BroadcastStart(   65): Broadcast: Intent { act=android.appwidget.action.APPWIDGET_UPDATE cmp=com.android.music/.MediaAppWidgetProvider (has extras) } ordered=false
V/M3BroadcastStart(   65): Broadcast: Intent { act=android.appwidget.action.APPWIDGET_ENABLED cmp=com.android.protips/.ProtipWidget } ordered=false
V/M3BroadcastStart(   65): Broadcast: Intent { act=android.appwidget.action.APPWIDGET_UPDATE cmp=com.android.protips/.ProtipWidget (has extras) } ordered=false
V/M3BroadcastStart(   65): Broadcast: Intent { act=android.appwidget.action.APPWIDGET_ENABLED cmp=com.android.quicksearchbox/.SearchWidgetProvider } ordered=false
V/M3BroadcastStart(   65): Broadcast: Intent { act=android.appwidget.action.APPWIDGET_UPDATE cmp=com.android.quicksearchbox/.SearchWidgetProvider (has extras) } ordered=false
I/RecoverySystem(   65): No recovery log file
V/M3AppService(   65): Bringing up service:ServiceRecord{40734c50 com.android.providers.downloads/.DownloadService}
V/M3AppService(   65): Bringing up service:ServiceRecord{4077c360 com.android.providers.media/.MediaScannerService}
V/M3StartAppProcess(   65): startProcess: name=com.android.bluetooth app=null knownToBeDead=true thread=null pid=-1
I/ActivityManager(   65): Start proc com.android.bluetooth for broadcast com.android.bluetooth/.opp.BluetoothOppReceiver: pid=256 uid=10031 gids={3003, 3002, 3001, 1015}
I/ApplicationContextYY(  119): From :com.android.systemui from hashCode:1079109128 Called Register Receiver with receiver:android.widget.DateTimeView$1 and m3 is of size:0
V/M3RegReceivers(   65): From:1000;Action:android.intent.action.TIME_TICK,android.intent.action.TIME_SET,android.intent.action.CONFIGURATION_CHANGED,android.intent.action.TIMEZONE_CHANGED;Category: ;Receiver:android.content.IIntentReceiver$Stub$Proxy@4077ee78
V/M3UnRegReceivers(   65): From:1000;Action:android.intent.action.BOOT_COMPLETED;Category:;Receiver:android.app.LoadedApk$ReceiverDispatcher$InnerReceiver@4059b888
D/dalvikvm(  119): GC_EXTERNAL_ALLOC freed 212K, 48% free 2949K/5639K, external 2045K/2073K, paused 143ms
I/ActivityThread(  256): Pub com.android.bluetooth.opp: com.android.bluetooth.opp.BluetoothOppProvider
D/dalvikvm(   65): GC_EXPLICIT freed 997K, 46% free 4221K/7687K, external 4274K/5474K, paused 174ms
I//system/bin/fsck_msdos(   33): ** /dev/block/vold/179:0
I//system/bin/fsck_msdos(   33): ** Phase 1 - Read and Compare FATs
I//system/bin/fsck_msdos(   33): Attempting to allocate 2044 KB for FAT
V/M3AppService(   65): Bringing up service:ServiceRecord{40723c50 com.android.bluetooth/.opp.BluetoothOppService}
V/M3BroadcastStart(   65): Broadcast: Intent { act=android.intent.action.ALARM_CHANGED (has extras) } ordered=false
V/M3BroadCastDelivary(   65): Delivering non-ordered to registered BroadcastFilter{4050b690 ReceiverList{4050c570 119 com.android.systemui/1000 remote:4050cf00}}: BroadcastRecord{40780558 android.intent.action.ALARM_CHANGED}
I/ApplicationContextYY(  256): From :com.android.bluetooth from hashCode:1079515128 Called Register Receiver with receiver:com.android.bluetooth.opp.BluetoothOppService$3 and m3 is of size:0
V/M3RegReceivers(   65): From:10031;Action:android.bluetooth.adapter.action.STATE_CHANGED;Category: ;Receiver:android.content.IIntentReceiver$Stub$Proxy@405446e0
W/BtOpp Service(  256): Local BT device is not enabled
W/BtOpp Service(  256): Local BT device is not enabled
V/M3BroadcastStart(   65): Broadcast: Intent { act=android.intent.action.ALARM_CHANGED (has extras) } ordered=false
V/M3BroadCastDelivary(   65): Delivering non-ordered to registered BroadcastFilter{4050b690 ReceiverList{4050c570 119 com.android.systemui/1000 remote:4050cf00}}: BroadcastRecord{406bdba8 android.intent.action.ALARM_CHANGED}
V/M3StartAppProcess(   65): startProcess: name=com.android.email app=null knownToBeDead=true thread=null pid=-1
I/ActivityManager(   65): Start proc com.android.email for broadcast com.android.email/.service.EmailBroadcastReceiver: pid=270 uid=10028 gids={3003, 1015}
I/ActivityThread(  270): Pub com.android.email.provider: com.android.email.provider.EmailProvider
I/ActivityThread(  270): Pub com.android.email.attachmentprovider: com.android.email.provider.AttachmentProvider
I/ActivityThread(  270): Pub com.android.exchange.provider: com.android.exchange.provider.ExchangeProvider
V/M3AppService(   65): Bringing up service:ServiceRecord{4063d9f8 com.android.email/com.android.exchange.SyncManager}
V/M3AppService(   65): Bringing up service:ServiceRecord{4060a390 com.android.email/.service.EmailBroadcastProcessorService}
V/M3StartAppProcess(   65): startProcess: name=com.android.mms app=null knownToBeDead=true thread=null pid=-1
I/ActivityManager(   65): Start proc com.android.mms for broadcast com.android.mms/.transaction.MmsSystemEventReceiver: pid=280 uid=10015 gids={3003, 1015}
D/EAS SyncManager(  270): !!! EAS SyncManager, onCreate
V/M3AppService(   65): Bringing up service:ServiceRecord{4063d9f8 com.android.email/com.android.exchange.SyncManager}
D/EAS SyncManager(  270): !!! EAS SyncManager, onStartCommand
D/Email   (  270): BOOT_COMPLETED
V/M3AppService(   65): Bringing up service:ServiceRecord{4063d9f8 com.android.email/com.android.exchange.SyncManager}
D/EAS SyncManager(  270): !!! EAS SyncManager, stopping self
D/EAS SyncManager(  270): !!! EAS SyncManager, onStartCommand
D/EAS SyncManager(  270): !!! EAS SyncManager, stopping self
I/ActivityThread(  280): Pub com.android.mms.SuggestionsProvider: com.android.mms.SuggestionsProvider
I/ApplicationContextYY(  280): From :com.android.mms from hashCode:1079527312 Called Register Receiver with receiver:com.android.mms.util.DownloadManager$2 and m3 is of size:0
V/M3RegReceivers(   65): From:10015;Action:android.intent.action.SERVICE_STATE;Category: ;Receiver:android.content.IIntentReceiver$Stub$Proxy@4057f228
V/M3BroadCastDelivary(   65): Delivering non-ordered to registered BroadcastFilter{406bc2b0 ReceiverList{40619c68 280 com.android.mms/10015 remote:40547890}}: BroadcastRecord{406bdd68 android.intent.action.SERVICE_STATE}
I/InputReader(   65): Device reconfigured: id=0x0, name=qwerty2, display size is now 480x800
I/InputManager-Callbacks(   65): No virtual keys found for device qwerty2.
I/ApplicationContextYY(  280): From :com.android.mms from hashCode:1079527312 Called Register Receiver with receiver:com.android.mms.transaction.MessagingNotification$OnDeletedReceiver and m3 is of size:0
V/M3RegReceivers(   65): From:10015;Action:com.android.mms.NOTIFICATION_DELETED_ACTION;Category: ;Receiver:android.content.IIntentReceiver$Stub$Proxy@40691ff8
V/M3AppService(   65): Bringing up service:ServiceRecord{406698b8 com.android.mms/.transaction.SmsReceiverService}
V/M3StartAppProcess(   65): startProcess: name=com.android.providers.calendar app=null knownToBeDead=true thread=null pid=-1
D/InputDispatcher(   65): channel '406822b8 Keyguard (server)' ~ Could not append motion sample to currently dispatched move event because the event has already been consumed.  (Waiting for next dispatch cycle to start.)
I/ActivityManager(   65): Start proc com.android.providers.calendar for broadcast com.android.providers.calendar/.CalendarReceiver: pid=302 uid=10034 gids={3003}
D/InputDispatcher(   65): channel '406822b8 Keyguard (server)' ~ Could not append motion sample to currently dispatched move event because the event has already been consumed.  (Waiting for next dispatch cycle to start.)
D/InputDispatcher(   65): channel '406822b8 Keyguard (server)' ~ Could not append motion sample to currently dispatched move event because the event has already been consumed.  (Waiting for next dispatch cycle to start.)
D/InputDispatcher(   65): channel '406822b8 Keyguard (server)' ~ Could not append motion sample to currently dispatched move event because the event has already been consumed.  (Waiting for next dispatch cycle to start.)
D/InputDispatcher(   65): channel '406822b8 Keyguard (server)' ~ Could not append motion sample to currently dispatched move event because the event has already been consumed.  (Waiting for next dispatch cycle to start.)
D/InputDispatcher(   65): channel '406822b8 Keyguard (server)' ~ Could not append motion sample to currently dispatched move event because the event has already been consumed.  (Waiting for next dispatch cycle to start.)
V/M3BroadcastStart(   65): Broadcast: Intent { act=android.intent.action.USER_PRESENT flg=0x20000000 } ordered=false
I/ARMAssembler(   65): generated scanline__00000177:03515104_00001001_00000000 [ 91 ipp] (114 ins) at [0x442ad520:0x442ad6e8] in 845076 ns
I/ActivityManager(   65): Displayed com.android.launcher/com.android.launcher2.Launcher: +13s918ms
V/M3UnRegReceivers(   65): From:1000;Action:android.intent.action.TIME_TICK,android.intent.action.TIME_SET,android.intent.action.TIMEZONE_CHANGED;Category:;Receiver:android.app.LoadedApk$ReceiverDispatcher$InnerReceiver@4056cd18
V/M3UnRegReceivers(   65): From:1000;Action:android.intent.action.TIME_TICK,android.intent.action.TIME_SET,android.intent.action.TIMEZONE_CHANGED;Category:;Receiver:android.app.LoadedApk$ReceiverDispatcher$InnerReceiver@40538dc0
I/ActivityThread(  302): Pub com.android.calendar: com.android.providers.calendar.CalendarProvider2
I/ApplicationContextYY(  302): From :com.android.providers.calendar from hashCode:1079485888 Called Register Receiver with receiver:android.accounts.AccountManager$12 and m3 is of size:0
V/M3RegReceivers(   65): From:10034;Action:android.accounts.LOGIN_ACCOUNTS_CHANGED,android.intent.action.DEVICE_STORAGE_OK;Category: ;Receiver:android.content.IIntentReceiver$Stub$Proxy@40619ff0
I/ApplicationContextYY(  302): From :com.android.providers.calendar from hashCode:1079485888 Called Register Receiver with receiver:com.android.providers.calendar.CalendarProvider2$1 and m3 is of size:0
V/M3RegReceivers(   65): From:10034;Action:android.intent.action.TIMEZONE_CHANGED,android.intent.action.DEVICE_STORAGE_OK,android.intent.action.TIME_SET;Category: ;Receiver:android.content.IIntentReceiver$Stub$Proxy@4059c120
V/M3BroadcastStart(   65): Broadcast: Intent { act=com.android.music.musicservicecommand flg=0x40000000 (has extras) } ordered=false
V/M3AppService(   65): Bringing up service:ServiceRecord{4076ec60 com.android.providers.calendar/.EmptyService}
I/SearchManagerService(   65): Building list of searchable activities
I/ApplicationContextYY(   65): From :android from hashCode:1079166112 Called Register Receiver with receiver:android.server.search.SearchManagerService$MyPackageMonitor and m3 is of size:0
V/M3RegReceivers(   65): From:1000;Action:android.intent.action.PACKAGE_ADDED,android.intent.action.PACKAGE_REMOVED,android.intent.action.PACKAGE_CHANGED,android.intent.action.QUERY_PACKAGE_RESTART,android.intent.action.PACKAGE_RESTARTED,android.intent.action.UID_REMOVED;Category: ;Receiver:android.app.LoadedApk$ReceiverDispatcher$InnerReceiver@407327e8
I/ApplicationContextYY(   65): From :android from hashCode:1079166112 Called Register Receiver with receiver:android.server.search.SearchManagerService$MyPackageMonitor and m3 is of size:0
V/M3RegReceivers(   65): From:1000;Action:android.intent.action.UID_REMOVED;Category: ;Receiver:android.app.LoadedApk$ReceiverDispatcher$InnerReceiver@407327e8
D/MediaScannerService(  240): start scanning volume internal
D/Eas Debug(  270): Logging: 
I/ApplicationContextYY(   65): From :android from hashCode:1079166112 Called Register Receiver with receiver:android.server.search.SearchManagerService$MyPackageMonitor and m3 is of size:0
V/M3RegReceivers(   65): From:1000;Action:android.intent.action.EXTERNAL_APPLICATIONS_AVAILABLE,android.intent.action.EXTERNAL_APPLICATIONS_UNAVAILABLE;Category: ;Receiver:android.app.LoadedApk$ReceiverDispatcher$InnerReceiver@407327e8
D/EAS SyncManager(  270): !!! EAS SyncManager, onDestroy
V/M3BroadcastStart(   65): Broadcast: Intent { act=android.intent.action.MEDIA_SCANNER_STARTED dat=file:///system/media } ordered=false
I/System.out(   65): M3_NET:Bind;Server=0.0.0.0;Port=0;fd=39
I//system/bin/fsck_msdos(   33): Attempting to allocate 2044 KB for FAT
D/Calendar(  302): missed alarms found: 0
V/M3UnRegReceivers(   65): From:10031;Action:android.bluetooth.adapter.action.STATE_CHANGED;Category:;Receiver:android.content.IIntentReceiver$Stub$Proxy@40751d08
D/dalvikvm(  132): GREF has increased to 201
I//system/bin/fsck_msdos(   33): ** Phase 2 - Check Cluster Chains
I//system/bin/fsck_msdos(   33): ** Phase 3 - Checking Directories
I//system/bin/fsck_msdos(   33): ** Phase 4 - Checking for Lost Files
I//system/bin/fsck_msdos(   33): Next free cluster in FSInfo block (29548) not free
I//system/bin/fsck_msdos(   33): FIXED
I//system/bin/fsck_msdos(   33): 62 files, 985616 free (492808 clusters)
I/Vold    (   33): Filesystem check completed OK
I/Vold    (   33): Device /dev/block/vold/179:0, target /mnt/sdcard mounted @ /mnt/secure/staging
D/Vold    (   33): Volume sdcard state changing 3 (Checking) -> 4 (Mounted)
I/PackageManager(   65): Updating external media status from unmounted to mounted
I/StorageNotification(  119): Media {/mnt/sdcard} state changed from {checking} -> {mounted}
V/M3UnRegReceivers(   65): From:1000;Action:android.intent.action.TIME_TICK,android.intent.action.TIME_SET,android.intent.action.CONFIGURATION_CHANGED,android.intent.action.TIMEZONE_CHANGED;Category:;Receiver:android.content.IIntentReceiver$Stub$Proxy@406c1c90
V/M3BroadcastStart(   65): Broadcast: Intent { act=android.intent.action.MEDIA_MOUNTED dat=file:///mnt/sdcard (has extras) } ordered=false
D/VoldCmdListener(   33): asec list
I/PackageManager(   65): No secure containers on sdcard
W/PackageManager(   65): Unknown permission com.google.android.googleapps.permission.GOOGLE_AUTH in package com.android.providers.contacts
W/PackageManager(   65): Unknown permission com.google.android.googleapps.permission.GOOGLE_AUTH.cp in package com.android.providers.contacts
W/PackageManager(   65): Unknown permission com.google.android.gm.permission.WRITE_GMAIL in package com.android.settings
W/PackageManager(   65): Unknown permission com.google.android.gm.permission.READ_GMAIL in package com.android.settings
W/PackageManager(   65): Unknown permission com.google.android.googleapps.permission.GOOGLE_AUTH in package com.android.settings
W/PackageManager(   65): Unknown permission com.google.android.googleapps.permission.GOOGLE_AUTH.mail in package com.android.contacts
W/PackageManager(   65): Unknown permission android.permission.ADD_SYSTEM_SERVICE in package com.android.phone
W/PackageManager(   65): Unknown permission com.google.android.googleapps.permission.GOOGLE_AUTH in package com.android.providers.calendar
W/PackageManager(   65): Unknown permission com.google.android.googleapps.permission.GOOGLE_AUTH.cl in package com.android.providers.calendar
W/PackageManager(   65): Unknown permission com.google.android.googleapps.permission.ACCESS_GOOGLE_PASSWORD in package com.android.development
D/MediaScanner(  240): opendir /system/media/ failed, errno: 2
W/PackageManager(   65): Unknown permission com.google.android.googleapps.permission.GOOGLE_AUTH in package com.android.development
W/PackageManager(   65): Unknown permission com.google.android.googleapps.permission.GOOGLE_AUTH.ALL_SERVICES in package com.android.development
E/dalvikvm(  170): DVM_M3 Initialized, target check sum:f1cc91c1
W/PackageManager(   65): Unknown permission com.google.android.googleapps.permission.GOOGLE_AUTH.YouTubeUser in package com.android.development
D/dalvikvm(  170): +++ active profiler count now 1
D/MediaScanner(  240):  prescan time: 821ms
D/MediaScanner(  240):     scan time: 40ms
W/PackageManager(   65): Unknown permission com.google.android.googleapps.permission.GOOGLE_AUTH.mail in package com.android.calendar
D/MediaScanner(  240): postscan time: 0ms
D/MediaScanner(  240):    total time: 861ms
W/PackageManager(   65): Not granting permission android.permission.SEND_DOWNLOAD_COMPLETED_INTENTS to package com.android.browser (protectionLevel=2 flags=0x9be45)
E/dalvikvm(  137): DVM_M3 Initialized, target check sum:f1cc91c1
D/dalvikvm(  137): +++ active profiler count now 1
W/PackageManager(   65): Unknown permission android.permission.READ_OWNER_DATA in package com.android.email
W/PackageManager(   65): Not granting permission android.permission.DEVICE_POWER to package com.android.deskclock (protectionLevel=2 flags=0x8be45)
D/dalvikvm(  137): GC_EXTERNAL_ALLOC freed 230K, 47% free 3146K/5831K, external 6077K/6087K, paused 45ms
D/dalvikvm(  137): GC_EXPLICIT freed 123K, 48% free 3065K/5831K, external 4702K/5088K, paused 38ms
E/dalvikvm(  256): DVM_M3 Initialized, target check sum:f1cc91c1
D/dalvikvm(  256): +++ active profiler count now 1
V/M3BroadcastStart(   65): Broadcast: Intent { act=android.intent.action.MEDIA_SCANNER_FINISHED dat=file:///system/media } ordered=false
D/MediaScannerService(  240): done scanning volume internal
V/M3AppService(   65): Bringing up service:ServiceRecord{40743e90 com.android.providers.media/.MediaScannerService}
V/M3StartAppProcess(   65): startProcess: name=com.cooliris.media app=null knownToBeDead=true thread=null pid=-1
I/ActivityManager(   65): Start proc com.cooliris.media for broadcast com.cooliris.media/com.cooliris.cache.BootReceiver: pid=319 uid=10033 gids={1015, 3003}
I/ActivityThread(  319): Pub com.cooliris.picasa.contentprovider: com.cooliris.picasa.PicasaContentProvider
E/dalvikvm(  319): DVM_M3 Initialized, target check sum:f1cc91c1
D/dalvikvm(  319): +++ active profiler count now 1
