I/SystemServer(   65): Lights Service
I/SystemServer(   65): Vibrator Service
D/SettingsProvider(   65): cache for settings table 'system' rows=46; fullycached=true
I/ApplicationContextYY(   65): From :android from hashCode:1079166112 Called Register Receiver with receiver:com.android.server.PowerManagerService$BatteryReceiver and m3 is of size:0
V/M3RegReceivers(   65): From:1000;Action:android.intent.action.BATTERY_CHANGED;Category: ;Receiver:android.app.LoadedApk$ReceiverDispatcher$InnerReceiver@405e2158
I/ApplicationContextYY(   65): From :android from hashCode:1079166112 Called Register Receiver with receiver:com.android.server.PowerManagerService$BootCompletedReceiver and m3 is of size:0
V/M3RegReceivers(   65): From:1000;Action:android.intent.action.BOOT_COMPLETED;Category: ;Receiver:android.app.LoadedApk$ReceiverDispatcher$InnerReceiver@40602478
I/ApplicationContextYY(   65): From :android from hashCode:1079166112 Called Register Receiver with receiver:com.android.server.PowerManagerService$DockReceiver and m3 is of size:0
V/M3RegReceivers(   65): From:1000;Action:android.intent.action.DOCK_EVENT;Category: ;Receiver:android.app.LoadedApk$ReceiverDispatcher$InnerReceiver@405e6470
V/M3BroadCastDelivary(   65): Delivering non-ordered to registered BroadcastFilter{40588af0 ReceiverList{405e0d48 65 system/1000 local:405e2158}}: BroadcastRecord{40588cc0 android.intent.action.BATTERY_CHANGED}
I/SystemServer(   65): Alarm Manager
I/ApplicationContextYY(   65): From :android from hashCode:1079166112 Called Register Receiver with receiver:com.android.server.AlarmManagerService$ClockReceiver and m3 is of size:0
V/M3RegReceivers(   65): From:1000;Action:android.intent.action.TIME_TICK,android.intent.action.DATE_CHANGED;Category: ;Receiver:android.app.LoadedApk$ReceiverDispatcher$InnerReceiver@405f8f70
I/ApplicationContextYY(   65): From :android from hashCode:1079166112 Called Register Receiver with receiver:com.android.server.AlarmManagerService$UninstallReceiver and m3 is of size:0
V/M3RegReceivers(   65): From:1000;Action:android.intent.action.PACKAGE_REMOVED,android.intent.action.PACKAGE_RESTARTED,android.intent.action.QUERY_PACKAGE_RESTART;Category: ;Receiver:android.app.LoadedApk$ReceiverDispatcher$InnerReceiver@405eaad8
I/ApplicationContextYY(   65): From :android from hashCode:1079166112 Called Register Receiver with receiver:com.android.server.AlarmManagerService$UninstallReceiver and m3 is of size:0
V/M3RegReceivers(   65): From:1000;Action:android.intent.action.EXTERNAL_APPLICATIONS_UNAVAILABLE;Category: ;Receiver:android.app.LoadedApk$ReceiverDispatcher$InnerReceiver@405eaad8
I/SystemServer(   65): Init Watchdog
I/ApplicationContextYY(   65): From :android from hashCode:1079166112 Called Register Receiver with receiver:com.android.server.Watchdog$RebootReceiver and m3 is of size:0
V/M3RegReceivers(   65): From:1000;Action:com.android.service.Watchdog.REBOOT;Category: ;Receiver:android.app.LoadedApk$ReceiverDispatcher$InnerReceiver@405802a0
I/ApplicationContextYY(   65): From :android from hashCode:1079166112 Called Register Receiver with receiver:com.android.server.Watchdog$RebootRequestReceiver and m3 is of size:0
V/M3RegReceivers(   65): From:1000;Action:android.intent.action.REBOOT;Category: ;Receiver:android.app.LoadedApk$ReceiverDispatcher$InnerReceiver@4061b4a0
I/SystemServer(   65): Window Manager
I/ApplicationContextYY(   65): From :android from hashCode:1079166112 Called Register Receiver with receiver:com.android.server.WindowManagerService$2 and m3 is of size:0
V/M3RegReceivers(   65): From:1000;Action:android.app.action.DEVICE_POLICY_MANAGER_STATE_CHANGED;Category: ;Receiver:android.app.LoadedApk$ReceiverDispatcher$InnerReceiver@40623670
I/InputManager(   65): Initializing input manager
I/ApplicationContextYY(   65): From :android from hashCode:1079166112 Called Register Receiver with receiver:com.android.internal.policy.impl.KeyguardViewMediator$1 and m3 is of size:0
V/M3RegReceivers(   65): From:1000;Action:com.android.internal.policy.impl.PhoneWindowManager.DELAYED_KEYGUARD,android.intent.action.PHONE_STATE;Category: ;Receiver:android.app.LoadedApk$ReceiverDispatcher$InnerReceiver@40625b48
I/ApplicationContextYY(   65): From :android from hashCode:1079166112 Called Register Receiver with receiver:com.android.internal.policy.impl.KeyguardUpdateMonitor$3 and m3 is of size:0
V/M3RegReceivers(   65): From:1000;Action:android.intent.action.TIME_TICK,android.intent.action.TIME_SET,android.intent.action.BATTERY_CHANGED,android.intent.action.TIMEZONE_CHANGED,android.intent.action.SIM_STATE_CHANGED,android.intent.action.PHONE_STATE,android.provider.Telephony.SPN_STRINGS_UPDATED,android.media.RINGER_MODE_CHANGED;Category: ;Receiver:android.app.LoadedApk$ReceiverDispatcher$InnerReceiver@40627e00
V/M3BroadCastDelivary(   65): Delivering non-ordered to registered BroadcastFilter{4062a378 ReceiverList{4062a300 65 system/1000 local:40627e00}}: BroadcastRecord{4062a768 android.intent.action.BATTERY_CHANGED}
I/ApplicationContextYY(   65): From :android from hashCode:1079166112 Called Register Receiver with receiver:com.android.internal.policy.impl.PhoneWindowManager$7 and m3 is of size:0
V/M3RegReceivers(   65): From:1000;Action:android.app.action.ENTER_CAR_MODE,android.app.action.EXIT_CAR_MODE,android.app.action.ENTER_DESK_MODE,android.app.action.EXIT_DESK_MODE,android.intent.action.DOCK_EVENT;Category: ;Receiver:android.app.LoadedApk$ReceiverDispatcher$InnerReceiver@40631f10
I/InputManager(   65): Starting input manager
I/SystemServer(   65): Registering null Bluetooth Service (emulator)
E/System  (   65): Failure starting core service
E/System  (   65): java.lang.SecurityException
E/System  (   65): 	at android.os.BinderProxy.transact(Native Method)
E/System  (   65): 	at android.os.ServiceManagerProxy.addService(ServiceManagerNative.java:146)
E/System  (   65): 	at android.os.ServiceManager.addService(ServiceManager.java:72)
E/System  (   65): 	at com.android.server.ServerThread.run(SystemServer.java:207)
I/SystemServer(   65): Device Policy
I/ApplicationContextYY(   65): From :android from hashCode:1079166112 Called Register Receiver with receiver:com.android.server.DevicePolicyManagerService$MyPackageMonitor and m3 is of size:0
V/M3RegReceivers(   65): From:1000;Action:android.intent.action.PACKAGE_ADDED,android.intent.action.PACKAGE_REMOVED,android.intent.action.PACKAGE_CHANGED,android.intent.action.QUERY_PACKAGE_RESTART,android.intent.action.PACKAGE_RESTARTED,android.intent.action.UID_REMOVED;Category: ;Receiver:android.app.LoadedApk$ReceiverDispatcher$InnerReceiver@40636c48
I/ApplicationContextYY(   65): From :android from hashCode:1079166112 Called Register Receiver with receiver:com.android.server.DevicePolicyManagerService$MyPackageMonitor and m3 is of size:0
V/M3RegReceivers(   65): From:1000;Action:android.intent.action.UID_REMOVED;Category: ;Receiver:android.app.LoadedApk$ReceiverDispatcher$InnerReceiver@40636c48
I/ApplicationContextYY(   65): From :android from hashCode:1079166112 Called Register Receiver with receiver:com.android.server.DevicePolicyManagerService$MyPackageMonitor and m3 is of size:0
V/M3RegReceivers(   65): From:1000;Action:android.intent.action.EXTERNAL_APPLICATIONS_AVAILABLE,android.intent.action.EXTERNAL_APPLICATIONS_UNAVAILABLE;Category: ;Receiver:android.app.LoadedApk$ReceiverDispatcher$InnerReceiver@40636c48
I/SystemServer(   65): Status Bar
I/SystemServer(   65): Clipboard Service
I/SystemServer(   65): Input Method Service
I/EventHub(   65): New keyboard: device->id=0x10000 devname='qwerty2' propName='hw.keyboards.65536.devname' keylayout='/system/usr/keylayout/qwerty.kl'
I/EventHub(   65): New device: path=/dev/input/event0 name=qwerty2 id=0x10000 (of 0x1) index=1 fd=85 classes=0xaf
E/EventHub(   65): could not get driver version for /dev/input/mouse0, Not a typewriter
E/EventHub(   65): could not get driver version for /dev/input/mice, Not a typewriter
I/InputManager-Callbacks(   65): No input device calibration properties found for device qwerty2.
I/InputReader(   65): Device added: id=0x0, name=qwerty2, sources=00011307
I/ApplicationContextYY(   65): From :android from hashCode:1079166112 Called Register Receiver with receiver:com.android.server.InputMethodManagerService$MyPackageMonitor and m3 is of size:0
V/M3RegReceivers(   65): From:1000;Action:android.intent.action.PACKAGE_ADDED,android.intent.action.PACKAGE_REMOVED,android.intent.action.PACKAGE_CHANGED,android.intent.action.QUERY_PACKAGE_RESTART,android.intent.action.PACKAGE_RESTARTED,android.intent.action.UID_REMOVED;Category: ;Receiver:android.app.LoadedApk$ReceiverDispatcher$InnerReceiver@4063d0e8
I/ApplicationContextYY(   65): From :android from hashCode:1079166112 Called Register Receiver with receiver:com.android.server.InputMethodManagerService$MyPackageMonitor and m3 is of size:0
V/M3RegReceivers(   65): From:1000;Action:android.intent.action.UID_REMOVED;Category: ;Receiver:android.app.LoadedApk$ReceiverDispatcher$InnerReceiver@4063d0e8
I/ApplicationContextYY(   65): From :android from hashCode:1079166112 Called Register Receiver with receiver:com.android.server.InputMethodManagerService$MyPackageMonitor and m3 is of size:0
V/M3RegReceivers(   65): From:1000;Action:android.intent.action.EXTERNAL_APPLICATIONS_AVAILABLE,android.intent.action.EXTERNAL_APPLICATIONS_UNAVAILABLE;Category: ;Receiver:android.app.LoadedApk$ReceiverDispatcher$InnerReceiver@4063d0e8
I/ApplicationContextYY(   65): From :android from hashCode:1079166112 Called Register Receiver with receiver:com.android.server.InputMethodManagerService$ScreenOnOffReceiver and m3 is of size:0
V/M3RegReceivers(   65): From:1000;Action:android.intent.action.SCREEN_ON,android.intent.action.SCREEN_OFF,android.intent.action.CLOSE_SYSTEM_DIALOGS;Category: ;Receiver:android.app.LoadedApk$ReceiverDispatcher$InnerReceiver@40640f18
I/InputManagerService(   65): Enabled input methods: jp.co.omronsoft.openwnn/.OpenWnnJAJP:com.android.inputmethod.latin/.LatinIME:com.android.inputmethod.pinyin/.PinyinIME
I/SystemServer(   65): NetStat Service
I/SystemServer(   65): NetworkManagement Service
I/SystemServer(   65): Connectivity Service
I/ApplicationContextYY(   65): From :android from hashCode:1079166112 Called Register Receiver with receiver:android.net.MobileDataStateTracker$MobileDataStateReceiver and m3 is of size:0
V/M3RegReceivers(   65): From:1000;Action:android.intent.action.ANY_DATA_STATE,android.intent.action.DATA_CONNECTION_FAILED,android.intent.action.SERVICE_STATE;Category: ;Receiver:android.app.LoadedApk$ReceiverDispatcher$InnerReceiver@40648da0
I/ApplicationContextYY(   65): From :android from hashCode:1079166112 Called Register Receiver with receiver:android.net.MobileDataStateTracker$MobileDataStateReceiver and m3 is of size:0
V/M3RegReceivers(   65): From:1000;Action:android.intent.action.ANY_DATA_STATE,android.intent.action.DATA_CONNECTION_FAILED,android.intent.action.SERVICE_STATE;Category: ;Receiver:android.app.LoadedApk$ReceiverDispatcher$InnerReceiver@4064a808
I/ApplicationContextYY(   65): From :android from hashCode:1079166112 Called Register Receiver with receiver:android.net.MobileDataStateTracker$MobileDataStateReceiver and m3 is of size:0
V/M3RegReceivers(   65): From:1000;Action:android.intent.action.ANY_DATA_STATE,android.intent.action.DATA_CONNECTION_FAILED,android.intent.action.SERVICE_STATE;Category: ;Receiver:android.app.LoadedApk$ReceiverDispatcher$InnerReceiver@4064c1e8
I/ApplicationContextYY(   65): From :android from hashCode:1079166112 Called Register Receiver with receiver:android.net.wifi.WifiStateTracker$1 and m3 is of size:0
V/M3RegReceivers(   65): From:1000;Action:android.net.wifi.DHCP_RENEW;Category: ;Receiver:android.app.LoadedApk$ReceiverDispatcher$InnerReceiver@4064f988
I/ApplicationContextYY(   65): From :android from hashCode:1079166112 Called Register Receiver with receiver:com.android.server.WifiService$2 and m3 is of size:0
V/M3RegReceivers(   65): From:1000;Action:android.intent.action.AIRPLANE_MODE;Category: ;Receiver:android.app.LoadedApk$ReceiverDispatcher$InnerReceiver@40654140
I/ApplicationContextYY(   65): From :android from hashCode:1079166112 Called Register Receiver with receiver:com.android.server.WifiService$3 and m3 is of size:0
V/M3RegReceivers(   65): From:1000;Action:android.net.conn.TETHER_STATE_CHANGED;Category: ;Receiver:android.app.LoadedApk$ReceiverDispatcher$InnerReceiver@40655150
I/WifiService(   65): WifiService starting up with Wi-Fi disabled
I/ApplicationContextYY(   65): From :android from hashCode:1079166112 Called Register Receiver with receiver:android.net.MobileDataStateTracker$MobileDataStateReceiver and m3 is of size:0
V/M3RegReceivers(   65): From:1000;Action:android.intent.action.ANY_DATA_STATE,android.intent.action.DATA_CONNECTION_FAILED,android.intent.action.SERVICE_STATE;Category: ;Receiver:android.app.LoadedApk$ReceiverDispatcher$InnerReceiver@406580f8
D/dalvikvm(   65): GC_CONCURRENT freed 341K, 43% free 3689K/6471K, external 1527K/1559K, paused 3ms+4ms
D/NetworkManagmentService(   65): Registering observer
I/ApplicationContextYY(   65): From :android from hashCode:1079166112 Called Register Receiver with receiver:com.android.server.connectivity.Tethering$StateReceiver and m3 is of size:0
V/M3RegReceivers(   65): From:1000;Action:android.hardware.usb.action.USB_STATE,android.net.conn.CONNECTIVITY_CHANGE,android.intent.action.BOOT_COMPLETED;Category: ;Receiver:android.app.LoadedApk$ReceiverDispatcher$InnerReceiver@40623f70
I/ApplicationContextYY(   65): From :android from hashCode:1079166112 Called Register Receiver with receiver:com.android.server.connectivity.Tethering$StateReceiver and m3 is of size:0
V/M3RegReceivers(   65): From:1000;Action:android.intent.action.MEDIA_SHARED,android.intent.action.MEDIA_UNSHARED;Category: ;Receiver:android.app.LoadedApk$ReceiverDispatcher$InnerReceiver@40623f70
I/SystemServer(   65): Throttle Service
I/SystemServer(   65): Accessibility Manager
I/ApplicationContextYY(   65): From :android from hashCode:1079166112 Called Register Receiver with receiver:com.android.server.AccessibilityManagerService$2 and m3 is of size:0
V/M3RegReceivers(   65): From:1000;Action:android.intent.action.PACKAGE_ADDED,android.intent.action.PACKAGE_REMOVED,android.intent.action.PACKAGE_CHANGED,android.intent.action.QUERY_PACKAGE_RESTART,android.intent.action.PACKAGE_RESTARTED,android.intent.action.UID_REMOVED;Category: ;Receiver:android.app.LoadedApk$ReceiverDispatcher$InnerReceiver@405defa8
I/ApplicationContextYY(   65): From :android from hashCode:1079166112 Called Register Receiver with receiver:com.android.server.AccessibilityManagerService$2 and m3 is of size:0
V/M3RegReceivers(   65): From:1000;Action:android.intent.action.UID_REMOVED;Category: ;Receiver:android.app.LoadedApk$ReceiverDispatcher$InnerReceiver@405defa8
I/ApplicationContextYY(   65): From :android from hashCode:1079166112 Called Register Receiver with receiver:com.android.server.AccessibilityManagerService$2 and m3 is of size:0
V/M3RegReceivers(   65): From:1000;Action:android.intent.action.EXTERNAL_APPLICATIONS_AVAILABLE,android.intent.action.EXTERNAL_APPLICATIONS_UNAVAILABLE;Category: ;Receiver:android.app.LoadedApk$ReceiverDispatcher$InnerReceiver@405defa8
I/ApplicationContextYY(   65): From :android from hashCode:1079166112 Called Register Receiver with receiver:com.android.server.AccessibilityManagerService$2 and m3 is of size:0
V/M3RegReceivers(   65): From:1000;Action:android.intent.action.BOOT_COMPLETED;Category: ;Receiver:android.app.LoadedApk$ReceiverDispatcher$InnerReceiver@405defa8
I/SystemServer(   65): Mount Service
I/ApplicationContextYY(   65): From :android from hashCode:1079166112 Called Register Receiver with receiver:com.android.server.MountService$1 and m3 is of size:0
V/M3RegReceivers(   65): From:1000;Action:android.intent.action.BOOT_COMPLETED;Category: ;Receiver:android.app.LoadedApk$ReceiverDispatcher$InnerReceiver@40592ce0
I/SystemServer(   65): Notification Manager
I/ApplicationContextYY(   65): From :android from hashCode:1079166112 Called Register Receiver with receiver:com.android.server.NotificationManagerService$2 and m3 is of size:0
V/M3RegReceivers(   65): From:1000;Action:android.intent.action.BATTERY_CHANGED,android.hardware.usb.action.USB_STATE,android.intent.action.SCREEN_ON,android.intent.action.SCREEN_OFF,android.intent.action.PHONE_STATE;Category: ;Receiver:android.app.LoadedApk$ReceiverDispatcher$InnerReceiver@4056e350
V/M3BroadCastDelivary(   65): Delivering non-ordered to registered BroadcastFilter{405d8f38 ReceiverList{405ddbb0 65 system/1000 local:4056e350}}: BroadcastRecord{4064bc40 android.intent.action.BATTERY_CHANGED}
I/ApplicationContextYY(   65): From :android from hashCode:1079166112 Called Register Receiver with receiver:com.android.server.NotificationManagerService$2 and m3 is of size:0
V/M3RegReceivers(   65): From:1000;Action:android.intent.action.PACKAGE_REMOVED,android.intent.action.PACKAGE_RESTARTED,android.intent.action.QUERY_PACKAGE_RESTART;Category: ;Receiver:android.app.LoadedApk$ReceiverDispatcher$InnerReceiver@4056e350
I/ApplicationContextYY(   65): From :android from hashCode:1079166112 Called Register Receiver with receiver:com.android.server.NotificationManagerService$2 and m3 is of size:0
V/M3RegReceivers(   65): From:1000;Action:android.intent.action.EXTERNAL_APPLICATIONS_UNAVAILABLE;Category: ;Receiver:android.app.LoadedApk$ReceiverDispatcher$InnerReceiver@4056e350
D/VoldCmdListener(   33): volume list
I/SystemServer(   65): Device Storage Monitor
I/SystemServer(   65): Location Manager
I/ApplicationContextYY(   65): From :android from hashCode:1079166112 Called Register Receiver with receiver:com.android.server.LocationManagerService$2 and m3 is of size:0
V/M3RegReceivers(   65): From:1000;Action:android.intent.action.PACKAGE_ADDED,android.intent.action.PACKAGE_REMOVED,android.intent.action.PACKAGE_CHANGED,android.intent.action.QUERY_PACKAGE_RESTART,android.intent.action.PACKAGE_RESTARTED,android.intent.action.UID_REMOVED;Category: ;Receiver:android.app.LoadedApk$ReceiverDispatcher$InnerReceiver@4056b978
I/ApplicationContextYY(   65): From :android from hashCode:1079166112 Called Register Receiver with receiver:com.android.server.LocationManagerService$2 and m3 is of size:0
V/M3RegReceivers(   65): From:1000;Action:android.intent.action.UID_REMOVED;Category: ;Receiver:android.app.LoadedApk$ReceiverDispatcher$InnerReceiver@4056b978
I/ApplicationContextYY(   65): From :android from hashCode:1079166112 Called Register Receiver with receiver:com.android.server.LocationManagerService$2 and m3 is of size:0
V/M3RegReceivers(   65): From:1000;Action:android.intent.action.EXTERNAL_APPLICATIONS_AVAILABLE,android.intent.action.EXTERNAL_APPLICATIONS_UNAVAILABLE;Category: ;Receiver:android.app.LoadedApk$ReceiverDispatcher$InnerReceiver@4056b978
I/PackageManager(   65): Updating external media status from unmounted to unmounted
D/VoldCmdListener(   33): share status ums
I/SystemServer(   65): Search Service
I/ApplicationContextYY(   65): From :android from hashCode:1079166112 Called Register Receiver with receiver:android.server.search.SearchManagerService$BootCompletedReceiver and m3 is of size:0
V/M3RegReceivers(   65): From:1000;Action:android.intent.action.BOOT_COMPLETED;Category: ;Receiver:android.app.LoadedApk$ReceiverDispatcher$InnerReceiver@4059b888
I/SystemServer(   65): DropBox Service
I/ApplicationContextYY(   65): From :android from hashCode:1079166112 Called Register Receiver with receiver:com.android.server.DropBoxManagerService$1 and m3 is of size:0
V/M3RegReceivers(   65): From:1000;Action:android.intent.action.DEVICE_STORAGE_LOW;Category: ;Receiver:android.app.LoadedApk$ReceiverDispatcher$InnerReceiver@405b35b8
I/SystemServer(   65): Wallpaper Service
I/ApplicationContextYY(   65): From :android from hashCode:1079166112 Called Register Receiver with receiver:com.android.server.WallpaperManagerService$MyPackageMonitor and m3 is of size:0
V/M3RegReceivers(   65): From:1000;Action:android.intent.action.PACKAGE_ADDED,android.intent.action.PACKAGE_REMOVED,android.intent.action.PACKAGE_CHANGED,android.intent.action.QUERY_PACKAGE_RESTART,android.intent.action.PACKAGE_RESTARTED,android.intent.action.UID_REMOVED;Category: ;Receiver:android.app.LoadedApk$ReceiverDispatcher$InnerReceiver@405d9418
I/ApplicationContextYY(   65): From :android from hashCode:1079166112 Called Register Receiver with receiver:com.android.server.WallpaperManagerService$MyPackageMonitor and m3 is of size:0
V/M3RegReceivers(   65): From:1000;Action:android.intent.action.UID_REMOVED;Category: ;Receiver:android.app.LoadedApk$ReceiverDispatcher$InnerReceiver@405d9418
I/ApplicationContextYY(   65): From :android from hashCode:1079166112 Called Register Receiver with receiver:com.android.server.WallpaperManagerService$MyPackageMonitor and m3 is of size:0
V/M3RegReceivers(   65): From:1000;Action:android.intent.action.EXTERNAL_APPLICATIONS_AVAILABLE,android.intent.action.EXTERNAL_APPLICATIONS_UNAVAILABLE;Category: ;Receiver:android.app.LoadedApk$ReceiverDispatcher$InnerReceiver@405d9418
I/SystemServer(   65): Audio Service
V/M3BroadcastStart(   65): Broadcast sticky: Intent { act=android.media.RINGER_MODE_CHANGED flg=0x70000000 (has extras) } ordered=false
V/M3BroadCastDelivary(   65): Delivering non-ordered to registered BroadcastFilter{4062a378 ReceiverList{4062a300 65 system/1000 local:40627e00}}: BroadcastRecord{405abe20 android.media.RINGER_MODE_CHANGED}
D/AudioHardwareInterface(   38): setMode(NORMAL)
W/AudioPolicyManagerBase(   38): setPhoneState() setting same state 0
E/SoundPool(   65): error loading /system/media/audio/ui/Effect_Tick.ogg
W/AudioService(   65): Soundpool could not load file: /system/media/audio/ui/Effect_Tick.ogg
E/SoundPool(   65): error loading /system/media/audio/ui/KeypressStandard.ogg
W/AudioService(   65): Soundpool could not load file: /system/media/audio/ui/KeypressStandard.ogg
E/SoundPool(   65): error loading /system/media/audio/ui/KeypressSpacebar.ogg
W/AudioService(   65): Soundpool could not load file: /system/media/audio/ui/KeypressSpacebar.ogg
E/SoundPool(   65): error loading /system/media/audio/ui/KeypressDelete.ogg
W/AudioService(   65): Soundpool could not load file: /system/media/audio/ui/KeypressDelete.ogg
E/SoundPool(   65): error loading /system/media/audio/ui/KeypressReturn.ogg
W/AudioService(   65): Soundpool could not load file: /system/media/audio/ui/KeypressReturn.ogg
I/ApplicationContextYY(   65): From :android from hashCode:1079166112 Called Register Receiver with receiver:android.media.AudioService$AudioServiceBroadcastReceiver and m3 is of size:0
V/M3RegReceivers(   65): From:1000;Action:android.intent.action.HEADSET_PLUG,android.bluetooth.a2dp.action.SINK_STATE_CHANGED,android.bluetooth.headset.action.STATE_CHANGED,android.intent.action.DOCK_EVENT,android.bluetooth.headset.action.AUDIO_STATE_CHANGED;Category: ;Receiver:android.app.LoadedApk$ReceiverDispatcher$InnerReceiver@4060bdb8
I/ApplicationContextYY(   65): From :android from hashCode:1079166112 Called Register Receiver with receiver:android.media.AudioService$MediaButtonBroadcastReceiver and m3 is of size:0
V/M3RegReceivers(   65): From:1000;Action:android.intent.action.MEDIA_BUTTON;Category: ;Receiver:android.app.LoadedApk$ReceiverDispatcher$InnerReceiver@40631e48
I/SystemServer(   65): Headset Observer
W/HeadsetObserver(   65): This kernel does not have wired headset support
I/SystemServer(   65): Dock Observer
W/DockObserver(   65): This kernel does not have dock station support
I/SystemServer(   65): USB Service
W/UsbDeviceSettingsManager(   65): settings file not found
I/ApplicationContextYY(   65): From :android from hashCode:1079166112 Called Register Receiver with receiver:com.android.server.usb.UsbDeviceSettingsManager$MyPackageMonitor and m3 is of size:0
V/M3RegReceivers(   65): From:1000;Action:android.intent.action.PACKAGE_ADDED,android.intent.action.PACKAGE_REMOVED,android.intent.action.PACKAGE_CHANGED,android.intent.action.QUERY_PACKAGE_RESTART,android.intent.action.PACKAGE_RESTARTED,android.intent.action.UID_REMOVED;Category: ;Receiver:android.app.LoadedApk$ReceiverDispatcher$InnerReceiver@405a6a88
I/ApplicationContextYY(   65): From :android from hashCode:1079166112 Called Register Receiver with receiver:com.android.server.usb.UsbDeviceSettingsManager$MyPackageMonitor and m3 is of size:0
V/M3RegReceivers(   65): From:1000;Action:android.intent.action.UID_REMOVED;Category: ;Receiver:android.app.LoadedApk$ReceiverDispatcher$InnerReceiver@405a6a88
I/ApplicationContextYY(   65): From :android from hashCode:1079166112 Called Register Receiver with receiver:com.android.server.usb.UsbDeviceSettingsManager$MyPackageMonitor and m3 is of size:0
V/M3RegReceivers(   65): From:1000;Action:android.intent.action.EXTERNAL_APPLICATIONS_AVAILABLE,android.intent.action.EXTERNAL_APPLICATIONS_UNAVAILABLE;Category: ;Receiver:android.app.LoadedApk$ReceiverDispatcher$InnerReceiver@405a6a88
I/UsbService(   65): This kernel does not have USB configuration switch support
I/SystemServer(   65): UI Mode Manager Service
I/ApplicationContextYY(   65): From :android from hashCode:1079166112 Called Register Receiver with receiver:android.location.LocationManager$M3TriggerBroadCastReceiver and m3 is of size:0
V/M3RegReceivers(   65): From:1000;Action:edu.gatech.m3.LOCATION_MANAGER_TRIGGER;Category: ;Receiver:android.app.LoadedApk$ReceiverDispatcher$InnerReceiver@40623e00
I/ApplicationContextYY(   65): From :android from hashCode:1079166112 Called Register Receiver with receiver:com.android.server.UiModeManagerService$2 and m3 is of size:0
V/M3RegReceivers(   65): From:1000;Action:com.android.server.action.UPDATE_NIGHT_MODE;Category: ;Receiver:android.app.LoadedApk$ReceiverDispatcher$InnerReceiver@40610728
I/ApplicationContextYY(   65): From :android from hashCode:1079166112 Called Register Receiver with receiver:com.android.server.UiModeManagerService$3 and m3 is of size:0
V/M3RegReceivers(   65): From:1000;Action:android.intent.action.DOCK_EVENT;Category: ;Receiver:android.app.LoadedApk$ReceiverDispatcher$InnerReceiver@40635b08
I/ApplicationContextYY(   65): From :android from hashCode:1079166112 Called Register Receiver with receiver:com.android.server.UiModeManagerService$4 and m3 is of size:0
V/M3RegReceivers(   65): From:1000;Action:android.intent.action.BATTERY_CHANGED;Category: ;Receiver:android.app.LoadedApk$ReceiverDispatcher$InnerReceiver@4064c328
V/M3BroadCastDelivary(   65): Delivering non-ordered to registered BroadcastFilter{4064cb18 ReceiverList{4064caa0 65 system/1000 local:4064c328}}: BroadcastRecord{4064cc68 android.intent.action.BATTERY_CHANGED}
I/ApplicationContextYY(   65): From :android from hashCode:1079166112 Called Register Receiver with receiver:com.android.server.UiModeManagerService$5 and m3 is of size:0
V/M3RegReceivers(   65): From:1000;Action:android.intent.action.AIRPLANE_MODE,android.intent.action.TIMEZONE_CHANGED;Category: ;Receiver:android.app.LoadedApk$ReceiverDispatcher$InnerReceiver@40641648
I/SystemServer(   65): Backup Service
I/ApplicationContextYY(   65): From :android from hashCode:1079166112 Called Register Receiver with receiver:com.android.server.BackupManagerService$RunBackupReceiver and m3 is of size:0
V/M3RegReceivers(   65): From:1000;Action:android.app.backup.intent.RUN;Category: ;Receiver:android.app.LoadedApk$ReceiverDispatcher$InnerReceiver@40633028
I/ApplicationContextYY(   65): From :android from hashCode:1079166112 Called Register Receiver with receiver:com.android.server.BackupManagerService$RunInitializeReceiver and m3 is of size:0
V/M3RegReceivers(   65): From:1000;Action:android.app.backup.intent.INIT;Category: ;Receiver:android.app.LoadedApk$ReceiverDispatcher$InnerReceiver@4061f080
V/BackupManagerService(   65): No ancestral data
I/ApplicationContextYY(   65): From :android from hashCode:1079166112 Called Register Receiver with receiver:com.android.server.BackupManagerService$1 and m3 is of size:0
V/M3RegReceivers(   65): From:1000;Action:android.intent.action.PACKAGE_ADDED,android.intent.action.PACKAGE_REMOVED;Category: ;Receiver:android.app.LoadedApk$ReceiverDispatcher$InnerReceiver@40638350
I/ApplicationContextYY(   65): From :android from hashCode:1079166112 Called Register Receiver with receiver:com.android.server.BackupManagerService$1 and m3 is of size:0
V/M3RegReceivers(   65): From:1000;Action:android.intent.action.EXTERNAL_APPLICATIONS_AVAILABLE,android.intent.action.EXTERNAL_APPLICATIONS_UNAVAILABLE;Category: ;Receiver:android.app.LoadedApk$ReceiverDispatcher$InnerReceiver@40638350
I/BackupManagerService(   65): Found stale backup journal, scheduling
I/BackupManagerService(   65):   android
I/BackupManagerService(   65):   com.android.browser
I/BackupManagerService(   65):   com.android.inputmethod.latin
I/BackupManagerService(   65):   com.android.providers.settings
I/BackupManagerService(   65):   com.android.providers.userdictionary
I/BackupManagerService(   65): Backup enabled => true
I/SystemServer(   65): AppWidget Service
I/SystemServer(   65): Recognition Service
I/ApplicationContextYY(   65): From :android from hashCode:1079166112 Called Register Receiver with receiver:com.android.server.RecognitionManagerService$MyPackageMonitor and m3 is of size:0
V/M3RegReceivers(   65): From:1000;Action:android.intent.action.PACKAGE_ADDED,android.intent.action.PACKAGE_REMOVED,android.intent.action.PACKAGE_CHANGED,android.intent.action.QUERY_PACKAGE_RESTART,android.intent.action.PACKAGE_RESTARTED,android.intent.action.UID_REMOVED;Category: ;Receiver:android.app.LoadedApk$ReceiverDispatcher$InnerReceiver@40679378
I/ApplicationContextYY(   65): From :android from hashCode:1079166112 Called Register Receiver with receiver:com.android.server.RecognitionManagerService$MyPackageMonitor and m3 is of size:0
V/M3RegReceivers(   65): From:1000;Action:android.intent.action.UID_REMOVED;Category: ;Receiver:android.app.LoadedApk$ReceiverDispatcher$InnerReceiver@40679378
I/ApplicationContextYY(   65): From :android from hashCode:1079166112 Called Register Receiver with receiver:com.android.server.RecognitionManagerService$MyPackageMonitor and m3 is of size:0
V/M3RegReceivers(   65): From:1000;Action:android.intent.action.EXTERNAL_APPLICATIONS_AVAILABLE,android.intent.action.EXTERNAL_APPLICATIONS_UNAVAILABLE;Category: ;Receiver:android.app.LoadedApk$ReceiverDispatcher$InnerReceiver@40679378
I/SystemServer(   65): DiskStats Service
I/WindowManager(   65): SAFE MODE not enabled
D/dalvikvm(   65): JIT started for system_server
D/PowerManagerService(   65): system ready!
I/ActivityManager(   65): Sending system update to: ComponentInfo{com.android.providers.contacts/com.android.providers.contacts.ContactsUpgradeReceiver}
V/M3BroadcastStart(   65): Broadcast: Intent { act=android.intent.action.PRE_BOOT_COMPLETED flg=0x8000000 cmp=com.android.providers.contacts/.ContactsUpgradeReceiver } ordered=true
V/M3StartAppProcess(   65): startProcess: name=android.process.acore app=null knownToBeDead=true thread=null pid=-1
I/Zygote  (   65): Process: zygote socket opened
I/ActivityManager(   65): Start proc android.process.acore for broadcast com.android.providers.contacts/.ContactsUpgradeReceiver: pid=110 uid=10006 gids={3003, 1015}
I/SystemServer(   65): Enabled StrictMode for system server main thread.
I/ActivityManager(   65): Config changed: { scale=1.0 imsi=0/0 loc=en_US touch=3 keys=2/1/2 nav=3/1 orien=1 layout=34 uiMode=0 seq=1}
V/M3BroadcastStart(   65): Broadcast: Intent { act=android.intent.action.CONFIGURATION_CHANGED flg=0x60000000 } ordered=false
I/ActivityManager(   65): Launching preboot mode app: ProcessRecord{406838c0 110:android.process.acore/10006}
D/dalvikvm(   65): GC_CONCURRENT freed 404K, 43% free 3843K/6727K, external 1527K/1559K, paused 4ms+15ms
D/dalvikvm(   65): GC_EXTERNAL_ALLOC freed 16K, 44% free 3826K/6727K, external 1527K/1559K, paused 78ms
I/ActivityManager(   65): Writing new set of last done pre-boot receivers...
I/ActivityManager(   65): Removing system update proc: ProcessRecord{406838c0 110:android.process.acore/10006}
I/Process (   65): Sending signal. PID: 110 SIG: 9
I/ActivityManager(   65): System now ready
I/SystemServer(   65): Making services ready
I/StatusBarManagerService(   65): Starting service: ComponentInfo{com.android.systemui/com.android.systemui.statusbar.StatusBarService}
V/M3AppService(   65): Bringing up service:ServiceRecord{4060da90 com.android.systemui/.statusbar.StatusBarService}
V/M3StartAppProcess(   65): startProcess: name=com.android.systemui app=null knownToBeDead=true thread=null pid=-1
I/ActivityManager(   65): Start proc com.android.systemui for service com.android.systemui/.statusbar.StatusBarService: pid=119 uid=1000 gids={3002, 3001, 3003}
I/ActivityManager(   65): Config changed: { scale=1.0 imsi=0/0 loc=en_US touch=3 keys=2/1/2 nav=3/1 orien=1 layout=34 uiMode=17 seq=2}
V/M3BroadcastStart(   65): Broadcast: Intent { act=android.intent.action.CONFIGURATION_CHANGED flg=0x60000000 } ordered=false
W/RecognitionManagerService(   65): no available voice recognition services found
D/dalvikvm(   65): GC_EXTERNAL_ALLOC freed 22K, 43% free 3848K/6727K, external 2064K/2078K, paused 94ms
I/ApplicationContextYY(   65): From :android from hashCode:1079166112 Called Register Receiver with receiver:com.android.server.AppWidgetService$1 and m3 is of size:0
V/M3RegReceivers(   65): From:1000;Action:android.intent.action.BOOT_COMPLETED;Category: ;Receiver:android.app.LoadedApk$ReceiverDispatcher$InnerReceiver@4054b6d0
I/ApplicationContextYY(   65): From :android from hashCode:1079166112 Called Register Receiver with receiver:com.android.server.AppWidgetService$1 and m3 is of size:0
V/M3RegReceivers(   65): From:1000;Action:android.intent.action.CONFIGURATION_CHANGED;Category: ;Receiver:android.app.LoadedApk$ReceiverDispatcher$InnerReceiver@4054b6d0
I/ApplicationContextYY(   65): From :android from hashCode:1079166112 Called Register Receiver with receiver:com.android.server.AppWidgetService$1 and m3 is of size:0
V/M3RegReceivers(   65): From:1000;Action:android.intent.action.PACKAGE_ADDED,android.intent.action.PACKAGE_REMOVED;Category: ;Receiver:android.app.LoadedApk$ReceiverDispatcher$InnerReceiver@4054b6d0
I/ApplicationContextYY(   65): From :android from hashCode:1079166112 Called Register Receiver with receiver:com.android.server.AppWidgetService$1 and m3 is of size:0
V/M3RegReceivers(   65): From:1000;Action:android.intent.action.EXTERNAL_APPLICATIONS_AVAILABLE,android.intent.action.EXTERNAL_APPLICATIONS_UNAVAILABLE;Category: ;Receiver:android.app.LoadedApk$ReceiverDispatcher$InnerReceiver@4054b6d0
V/M3AppService(   65): Bringing up service:ServiceRecord{405ed178 android/com.android.internal.service.wallpaper.ImageWallpaper}
V/M3AppService(   65): Bringing up service:ServiceRecord{405e18a0 com.android.inputmethod.latin/.LatinIME}
V/M3StartAppProcess(   65): startProcess: name=com.android.inputmethod.latin app=null knownToBeDead=true thread=null pid=-1
I/ActivityManager(   65): Start proc com.android.inputmethod.latin for service com.android.inputmethod.latin/.LatinIME: pid=129 uid=10010 gids={}
I/ApplicationContextYY(   65): From :android from hashCode:1079166112 Called Register Receiver with receiver:com.android.server.ThrottleService$1 and m3 is of size:0
V/M3RegReceivers(   65): From:1000;Action:com.android.server.ThrottleManager.action.POLL;Category: ;Receiver:android.app.LoadedApk$ReceiverDispatcher$InnerReceiver@405e1428
I/ApplicationContextYY(   65): From :android from hashCode:1079166112 Called Register Receiver with receiver:com.android.server.ThrottleService$2 and m3 is of size:0
V/M3RegReceivers(   65): From:1000;Action:com.android.server.ThorottleManager.action.RESET;Category: ;Receiver:android.app.LoadedApk$ReceiverDispatcher$InnerReceiver@40524fc0
D/NetworkManagmentService(   65): Registering observer
E/ThrottleService(   65): Could not open GPS configuration file /etc/gps.conf
I/ActivityManager(   65): Start proc com.android.phone for added application com.android.phone: pid=132 uid=1001 gids={3002, 3001, 3003, 1015}
I/ActivityManager(   65): Starting: Intent { act=android.intent.action.MAIN cat=[android.intent.category.HOME] flg=0x10000000 cmp=com.android.launcher/com.android.launcher2.Launcher } from pid 0
V/M3StartAppProcess(   65): startProcess: name=com.android.launcher app=null knownToBeDead=true thread=null pid=-1
I/ActivityManager(   65): Start proc com.android.launcher for activity com.android.launcher/com.android.launcher2.Launcher: pid=137 uid=10013 gids={}
V/M3BroadcastStart(   65): Broadcast sticky: Intent { act=android.hardware.usb.action.USB_STATE flg=0x20000000 (has extras) } ordered=false
V/M3BroadCastDelivary(   65): Delivering non-ordered to registered BroadcastFilter{405b45b0 ReceiverList{405bc218 65 system/1000 local:40623f70}}: BroadcastRecord{405f8c20 android.hardware.usb.action.USB_STATE}
V/M3BroadCastDelivary(   65): Delivering non-ordered to registered BroadcastFilter{405d8f38 ReceiverList{405ddbb0 65 system/1000 local:4056e350}}: BroadcastRecord{405f8c20 android.hardware.usb.action.USB_STATE}
E/logwrapper(  149): executing /system/bin/tc failed: No such file or directory
I/logwrapper(   34): /system/bin/tc terminated by exit(1)
E/logwrapper(  150): executing /system/bin/tc failed: No such file or directory
I/logwrapper(   34): /system/bin/tc terminated by exit(1)
E/logwrapper(  153): executing /system/bin/tc failed: No such file or directory
I/logwrapper(   34): /system/bin/tc terminated by exit(1)
V/M3BroadcastStart(   65): Broadcast sticky: Intent { act=android.net.thrott.THROTTLE_ACTION (has extras) } ordered=false
V/M3BroadcastStart(   65): Broadcast sticky: Intent { act=android.net.thrott.POLL_ACTION (has extras) } ordered=false
V/M3BroadcastStart(   65): Broadcast: Intent { act=android.net.thrott.POLICY_CHANGED_ACTION } ordered=false
D/dalvikvm(   65): GC_EXTERNAL_ALLOC freed 273K, 42% free 3956K/6727K, external 2597K/2638K, paused 199ms
D/dalvikvm(  119): GC_CONCURRENT freed 359K, 51% free 2798K/5639K, external 1529K/1559K, paused 3ms+2ms
I/ApplicationContextYY(   65): From :android from hashCode:1079166112 Called Register Receiver with receiver:com.android.server.location.GpsLocationProvider$2 and m3 is of size:0
V/M3RegReceivers(   65): From:1000;Action:android.intent.action.DATA_SMS_RECEIVED;Category: ;Receiver:android.app.LoadedApk$ReceiverDispatcher$InnerReceiver@40664b90
I/ApplicationContextYY(   65): From :android from hashCode:1079166112 Called Register Receiver with receiver:com.android.server.location.GpsLocationProvider$2 and m3 is of size:0
V/M3RegReceivers(   65): From:1000;Action:android.provider.Telephony.WAP_PUSH_RECEIVED;Category: ;Receiver:android.app.LoadedApk$ReceiverDispatcher$InnerReceiver@40664b90
D/dalvikvm(  137): GC_CONCURRENT freed 399K, 51% free 2795K/5639K, external 1527K/1559K, paused 4ms+23ms
D/dalvikvm(  132): GC_CONCURRENT freed 404K, 51% free 2815K/5639K, external 1527K/1559K, paused 16ms+34ms
I/ActivityThread(  137): Pub com.android.launcher2.settings: com.android.launcher2.LauncherProvider
D/dalvikvm(  119): GC_EXTERNAL_ALLOC freed 19K, 51% free 2790K/5639K, external 1543K/1559K, paused 441ms
D/dalvikvm(  129): GC_CONCURRENT freed 403K, 51% free 2806K/5639K, external 1527K/1559K, paused 4ms+5ms
I/ActivityThread(  132): Pub mms: com.android.providers.telephony.MmsProvider
I/ActivityThread(  132): Pub sms: com.android.providers.telephony.SmsProvider
I/ActivityThread(  132): Pub telephony: com.android.providers.telephony.TelephonyProvider
I/ActivityThread(  132): Pub icc: com.android.phone.IccProvider
I/ActivityThread(  132): Pub mms-sms: com.android.providers.telephony.MmsSmsProvider
D/dalvikvm(   65): GREF has increased to 201
I/ApplicationContextYY(  119): From :com.android.systemui from hashCode:1079484656 Called Register Receiver with receiver:com.android.systemui.statusbar.StatusBarService$4 and m3 is of size:0
V/M3BroadcastStart(   65): Broadcast: Intent { act=android.intent.action.CLOSE_SYSTEM_DIALOGS flg=0x40000000 (has extras) } ordered=false
V/M3RegReceivers(   65): From:1000;Action:android.intent.action.CONFIGURATION_CHANGED,android.intent.action.CLOSE_SYSTEM_DIALOGS,android.intent.action.SCREEN_OFF;Category: ;Receiver:android.content.IIntentReceiver$Stub$Proxy@40526d08
I/StatusBarManagerService(   65): registerStatusBar bar=com.android.internal.statusbar.IStatusBar$Stub$Proxy@40549f78
V/M3BroadCastDelivary(   65): Delivering non-ordered to registered BroadcastFilter{40641e38 ReceiverList{40641dc0 65 system/1000 local:40640f18}}: BroadcastRecord{40687098 android.intent.action.CLOSE_SYSTEM_DIALOGS}
V/M3BroadcastStart(   65): Broadcast: Intent { act=android.intent.action.SCREEN_ON flg=0x40000000 } ordered=true
V/M3BroadCastDelivary(   65): Delivering ordered to registered BroadcastFilter{40641e38 ReceiverList{40641dc0 65 system/1000 local:40640f18}}: BroadcastRecord{40663f68 android.intent.action.SCREEN_ON}
V/M3BroadCastDelivary(   65): Delivering ordered to registered BroadcastFilter{405d8f38 ReceiverList{405ddbb0 65 system/1000 local:4056e350}}: BroadcastRecord{40663f68 android.intent.action.SCREEN_ON}
I/ApplicationContextYY(   65): From :android from hashCode:1079166112 Called Register Receiver with receiver:com.android.internal.widget.DigitalClock$TimeChangedReceiver and m3 is of size:0
V/M3RegReceivers(   65): From:1000;Action:android.intent.action.TIME_TICK,android.intent.action.TIME_SET,android.intent.action.TIMEZONE_CHANGED;Category: ;Receiver:android.app.LoadedApk$ReceiverDispatcher$InnerReceiver@4056cd18
I/ApplicationContextYY(   65): From :android from hashCode:1079166112 Called Register Receiver with receiver:com.android.internal.widget.DigitalClock$TimeChangedReceiver and m3 is of size:0
V/M3RegReceivers(   65): From:1000;Action:android.intent.action.TIME_TICK,android.intent.action.TIME_SET,android.intent.action.TIMEZONE_CHANGED;Category: ;Receiver:android.app.LoadedApk$ReceiverDispatcher$InnerReceiver@40538dc0
I/System.out(  129): M3_SYS:LoadLibrary;Path=jni_latinime
W/GpsLocationProvider(   65): Could not open GPS configuration file /etc/gps.conf
I/ApplicationContextYY(   65): From :android from hashCode:1080556032 Called Register Receiver with receiver:android.service.wallpaper.WallpaperService$Engine$1 and m3 is of size:0
V/M3RegReceivers(   65): From:1000;Action:android.intent.action.SCREEN_ON,android.intent.action.SCREEN_OFF;Category: ;Receiver:android.app.LoadedApk$ReceiverDispatcher$InnerReceiver@406716c0
I/ApplicationContextYY(   65): From :android from hashCode:1080556032 Called Register Receiver with receiver:com.android.internal.service.wallpaper.ImageWallpaper$DrawableEngine$WallpaperObserver and m3 is of size:0
V/M3RegReceivers(   65): From:1000;Action:android.intent.action.WALLPAPER_CHANGED;Category: ;Receiver:android.app.LoadedApk$ReceiverDispatcher$InnerReceiver@40675370
I/ApplicationContextYY(  132): From :com.android.phone from hashCode:1079525040 Called Register Receiver with receiver:com.android.internal.telephony.RIL$1 and m3 is of size:0
V/M3RegReceivers(   65): From:1001;Action:android.intent.action.SCREEN_ON,android.intent.action.SCREEN_OFF;Category: ;Receiver:android.content.IIntentReceiver$Stub$Proxy@406716e0
D/VoldCmdListener(   33): share status ums
I/ApplicationContextYY(  129): From :com.android.inputmethod.latin from hashCode:1079182144 Called Register Receiver with receiver:com.android.inputmethod.latin.LatinIME$7 and m3 is of size:0
D/dalvikvm(   65): GC_EXTERNAL_ALLOC freed 99K, 41% free 3990K/6727K, external 2774K/3122K, paused 127ms
D/StorageNotification(  119): Startup with UMS connection false (media state unmounted)
V/M3RegReceivers(   65): From:10010;Action:android.media.RINGER_MODE_CHANGED;Category: ;Receiver:android.content.IIntentReceiver$Stub$Proxy@4060f568
I/ApplicationContextYY(  132): From :com.android.phone from hashCode:1079525040 Called Register Receiver with receiver:com.android.internal.telephony.gsm.GsmServiceStateTracker$1 and m3 is of size:0
V/M3RegReceivers(   65): From:1001;Action:android.intent.action.LOCALE_CHANGED;Category: ;Receiver:android.content.IIntentReceiver$Stub$Proxy@405eff08
V/M3StartAppProcess(   65): startProcess: name=android.process.acore app=null knownToBeDead=false thread=null pid=-1
I/ActivityManager(   65): Start proc android.process.acore for content provider com.android.providers.userdictionary/.UserDictionaryProvider: pid=170 uid=10006 gids={3003, 1015}
V/M3StartAppProcess(   65): startProcess: name=android.process.acore app=ProcessRecord{405e28c8 170:android.process.acore/10006} knownToBeDead=false thread=null pid=170
V/M3BroadCastDelivary(   65): Delivering non-ordered to registered BroadcastFilter{4067df30 ReceiverList{4067e368 129 com.android.inputmethod.latin/10010 remote:4068f4c8}}: BroadcastRecord{4068f538 android.media.RINGER_MODE_CHANGED}
I/ApplicationContextYY(  132): From :com.android.phone from hashCode:1079525040 Called Register Receiver with receiver:com.android.internal.telephony.SMSDispatcher$2 and m3 is of size:0
V/M3RegReceivers(   65): From:1001;Action:android.intent.action.DEVICE_STORAGE_FULL,android.intent.action.DEVICE_STORAGE_NOT_FULL;Category: ;Receiver:android.content.IIntentReceiver$Stub$Proxy@40582010
D/dalvikvm(  137): GC_EXTERNAL_ALLOC freed 18K, 51% free 2799K/5639K, external 1547K/1559K, paused 185ms
I/ApplicationContextYY(  137): From :com.android.launcher from hashCode:1079527464 Called Register Receiver with receiver:com.android.launcher2.LauncherModel and m3 is of size:0
V/M3RegReceivers(   65): From:10013;Action:android.intent.action.PACKAGE_ADDED,android.intent.action.PACKAGE_REMOVED,android.intent.action.PACKAGE_CHANGED;Category: ;Receiver:android.content.IIntentReceiver$Stub$Proxy@40578680
I/ApplicationContextYY(  132): From :com.android.phone from hashCode:1079525040 Called Register Receiver with receiver:com.android.internal.telephony.gsm.GsmDataConnectionTracker$1 and m3 is of size:0
V/M3RegReceivers(   65): From:1001;Action:com.android.internal.telephony.gprs-reconnect,android.intent.action.SCREEN_ON,android.intent.action.SCREEN_OFF,android.net.wifi.STATE_CHANGE,android.net.wifi.WIFI_STATE_CHANGED;Category: ;Receiver:android.content.IIntentReceiver$Stub$Proxy@40599228
I/StorageNotification(  119): UMS connection changed to false (media state unmounted)
I/ApplicationContextYY(  137): From :com.android.launcher from hashCode:1079527464 Called Register Receiver with receiver:com.android.launcher2.LauncherModel and m3 is of size:0
V/M3RegReceivers(   65): From:10013;Action:android.intent.action.EXTERNAL_APPLICATIONS_AVAILABLE,android.intent.action.EXTERNAL_APPLICATIONS_UNAVAILABLE;Category: ;Receiver:android.content.IIntentReceiver$Stub$Proxy@405e27a0
I/ApplicationContextYY(  119): From :com.android.systemui from hashCode:1079484656 Called Register Receiver with receiver:com.android.systemui.statusbar.policy.StatusBarPolicy$1 and m3 is of size:0
V/M3RegReceivers(   65): From:1000;Action:android.intent.action.BATTERY_CHANGED,android.intent.action.BATTERY_LOW,android.intent.action.BATTERY_OKAY,android.intent.action.ACTION_POWER_CONNECTED,android.intent.action.ALARM_CHANGED,android.intent.action.SYNC_STATE_CHANGED,android.media.RINGER_MODE_CHANGED,android.media.VIBRATE_SETTING_CHANGED,android.bluetooth.adapter.action.STATE_CHANGED,android.bluetooth.headset.action.STATE_CHANGED,android.bluetooth.a2dp.action.SINK_STATE_CHANGED,android.bluetooth.pbap.intent.action.PBAP_STATE_CHANGED,android.net.wifi.WIFI_STATE_CHANGED,android.net.wifi.supplicant.CONNECTION_CHANGE,android.net.wifi.STATE_CHANGE,android.net.wifi.RSSI_CHANGED,android.location.GPS_ENABLED_CHANGE,android.location.GPS_FIX_CHANGE,android.intent.action.SIM_STATE_CHANGED,com.android.internal.telephony.cdma.intent.action.TTY_ENABLED_CHANGE,android.net.conn.CONNECTIVITY_CHANGE,android.net.conn.INET_CONDITION_ACTION,android.net.wimax.WIMAX_STATE_CHANGE,android.net.wimax.SIGNAL_LEVEL_CHANGED,android.net.wimax.WIMAX_STATUS_CHANGED;Category: ;Receiver:android.content.IIntentReceiver$Stub$Proxy@40512d50
V/M3BroadCastDelivary(   65): Delivering non-ordered to registered BroadcastFilter{4050b690 ReceiverList{4050c570 119 com.android.systemui/1000 remote:4050cf00}}: BroadcastRecord{4067d378 android.intent.action.BATTERY_CHANGED}
V/M3BroadCastDelivary(   65): Delivering non-ordered to registered BroadcastFilter{4050b690 ReceiverList{4050c570 119 com.android.systemui/1000 remote:4050cf00}}: BroadcastRecord{40657b50 android.media.RINGER_MODE_CHANGED}
I/ApplicationContextYY(  119): From :com.android.systemui from hashCode:1079484656 Called Register Receiver with receiver:com.android.systemui.statusbar.Clock$1 and m3 is of size:0
V/M3RegReceivers(   65): From:1000;Action:android.intent.action.TIME_TICK,android.intent.action.TIME_SET,android.intent.action.TIMEZONE_CHANGED,android.intent.action.CONFIGURATION_CHANGED;Category: ;Receiver:android.content.IIntentReceiver$Stub$Proxy@4061e778
I/ApplicationContextYY(   65): From :android from hashCode:1079166112 Called Register Receiver with receiver:com.android.server.location.GpsLocationProvider$2 and m3 is of size:0
V/M3RegReceivers(   65): From:1000;Action:com.android.internal.location.ALARM_WAKEUP,com.android.internal.location.ALARM_TIMEOUT;Category: ;Receiver:android.app.LoadedApk$ReceiverDispatcher$InnerReceiver@40664b90
D/CallManager(  132): registerPhone(GSM Handler{40518200})
D/dalvikvm(  129): GC_EXTERNAL_ALLOC freed 51K, 49% free 2877K/5639K, external 1527K/1559K, paused 387ms
V/M3StartAppProcess(   65): startProcess: name=android.process.acore app=ProcessRecord{405e28c8 170:android.process.acore/10006} knownToBeDead=false thread=null pid=170
D/dalvikvm(   65): GC_EXTERNAL_ALLOC freed 136K, 41% free 4012K/6727K, external 3974K/4963K, paused 52ms
